************************************************************************
SPECint2006 result summary (instruction-accurate core model)
Method : gem5 full-system cycle model (SE mode, SimPoint)
Version: v0.9.2
Date   : 2026-07-20
************************************************************************
Benchmark        Ref IPC   Cycles(M)   Insts(M)     IPC   Ratio@1GHz  L1D MPKI  L2 MPKI  BrMisp%
---
400.perlbench      1.00      1189.4      2300.0   1.934      1.9337      1.80     0.35     3.1
401.bzip2          1.00      1548.7      2300.0   1.485      1.4851      3.90     0.60     2.6
403.gcc            1.00      1454.8      2300.0   1.581      1.5810      2.60     0.42     5.8
429.mcf            1.00      3136.4      2300.0   0.733      0.7333      8.80     3.90     1.2
445.gobmk          1.00      1332.3      2300.0   1.726      1.7264      1.60     0.28     2.9
456.hmmer          1.00      1070.8      2300.0   2.148      2.1478      1.10     0.18     1.4
458.sjeng          1.00      1216.7      2300.0   1.890      1.8903      1.40     0.24     1.8
462.libquantum     1.00       936.3      2300.0   2.456      2.4565      4.50     1.10     0.4
464.h264ref        1.00      1411.9      2300.0   1.629      1.6290      2.20     0.55     2.2
471.omnetpp        1.00      2381.3      2300.0   0.966      0.9658      7.20     2.60     6.5
473.astar          1.00      1497.8      2300.0   1.536      1.5356      4.10     0.95     3.3
483.xalancbmk      1.00      2156.3      2300.0   1.067      1.0666      6.50     2.10     7.2
Geomean            1.00                                      1.5163
