************************************************************************
SPECint2006 result summary (instruction-accurate core model)
Method : slice-based perf model (32-slice aggregation)
Version: v0.9.2
Date   : 2026-08-10
************************************************************************
Benchmark        Ref IPC   Cycles(M)   Insts(M)     IPC   Ratio@1GHz  L1D MPKI  L2 MPKI  BrMisp%
---
400.perlbench      1.00      1189.7      2300.0   1.933      1.9333      1.80     0.35     3.1
401.bzip2          1.00      1549.5      2300.0   1.484      1.4843      3.90     0.60     2.6
403.gcc            1.00      1393.4      2300.0   1.651      1.6506      2.60     0.42     5.8
429.mcf            1.00      3106.2      2300.0   0.740      0.7405      8.80     3.90     1.2
445.gobmk          1.00      1323.4      2300.0   1.738      1.7379      1.60     0.28     2.9
456.hmmer          1.00      1067.0      2300.0   2.156      2.1556      1.10     0.18     1.4
458.sjeng          1.00      1213.0      2300.0   1.896      1.8961      1.40     0.24     1.8
462.libquantum     1.00       938.6      2300.0   2.450      2.4504      4.50     1.10     0.4
464.h264ref        1.00      1402.3      2300.0   1.640      1.6402      2.20     0.55     2.2
471.omnetpp        1.00      2365.7      2300.0   0.972      0.9722      7.20     2.60     6.5
473.astar          1.00      1510.3      2300.0   1.523      1.5229      4.10     0.95     3.3
483.xalancbmk      1.00      2141.3      2300.0   1.074      1.0741      6.50     2.10     7.2
Geomean            1.00                                      1.5258
