************************************************************************
Report : report_power -analysis_mode vectorless -hierarchy
Design : rv_ooc_core
Version: P-2019.06-SP1
Supply : 0.80 V
Default toggle rate: 0.15
Clock gating efficiency: 78.0 %
************************************************************************
Power by category (mW)
---
Combinational      11.237
Register            6.974
Clock               6.511
Memory              6.199

Hierarchical power (mW)
---
Instance                          Internal  Switching   Leakage     Total
core_top                              12.732     11.291    14.724    38.747
  core_top.u_ifu                         2.537      2.250     2.934     7.720
    core_top.u_ifu.u_bp                    0.188      0.166     0.155     0.509
    core_top.u_ifu.u_dec                   1.213      1.076     1.403     3.692
    core_top.u_ifu.u_l1i                   0.933      0.827     1.760     3.520
  core_top.u_ex                          3.887      3.447     4.495    11.828
    core_top.u_ex.gen_alu[0]               0.330      0.293     0.382     1.005
      core_top.u_ex.gen_alu[0].u_alu         0.330      0.293     0.382     1.005
    core_top.u_ex.gen_alu[1]               0.330      0.293     0.382     1.005
      core_top.u_ex.gen_alu[1].u_alu         0.330      0.293     0.382     1.005
    core_top.u_ex.u_rob                    1.535      1.361     1.265     4.161
    core_top.u_ex.u_lsq                    0.755      0.670     0.622     2.047
    core_top.u_ex.u_sched                  1.186      1.052     1.372     3.610
  core_top.u_lsu                         2.575      2.283     2.977     7.835
    core_top.u_lsu.u_dtlb                  0.607      0.538     0.701     1.846
    core_top.u_lsu.u_wb                    0.741      0.657     0.857     2.256
    core_top.u_lsu.u_l1d                   0.989      0.877     1.866     3.733
  core_top.u_l2                          2.480      2.199     2.868     7.548
    core_top.u_l2.u_adapt                  0.377      0.335     0.436     1.149
    core_top.u_l2.u_l2mem                  1.696      1.504     3.200     6.399
  core_top.u_csr                         0.202      0.179     0.234     0.615
  core_top.u_clk                         1.051      0.932     1.216     3.200
Total                                 12.732     11.291    14.724    38.747
