************************************************************************
Report : report_area -hierarchy
Design : rv_ooc_core
Version: T-2022.03-SP4
Library : n7_tt_0p80v_25c
Date   : 2026-07-13
************************************************************************
Hierarchical cell area (um^2)
---
Module                          Comb       Seq     Macro     Clock   Buf/Inv   Cells
core_top                  84348.7   52541.4   50982.8    8220.6    6282.0   161900
  u_ifu                     11066.0    8918.1   12571.1     693.0    1027.0    27420
    u_bp                        926.4    1698.4       0.0     154.4     308.8     2470
    u_dec                      9875.0    6822.7       0.0     538.6     718.2    14363
    u_l1i                       264.7     397.0   12571.1       0.0       0.0    10586
  u_ex                      48707.6   25623.9       0.0    1936.3    3059.2    63461
    gen_alu_0                  4308.8       0.0       0.0     195.9     391.7     3917
      u_alu                      4308.8       0.0       0.0     195.9     391.7     3917
    gen_alu_1                  4327.4       0.0       0.0     196.7     393.4     3933
      u_alu                      4327.4       0.0       0.0     196.7     393.4     3933
    u_rob                      6153.6   10549.1       0.0     351.6     527.5    14065
    u_lsq                      3489.2    4797.7       0.0     174.5     261.7     6978
    u_sched                    9934.8    5287.9       0.0     320.5     480.7    12819
    u_mul                      8520.8    2840.3       0.0     236.7     236.7     9467
    u_byp                     11972.9    2149.0       0.0     460.5     767.5    12279
  u_lsu                     11711.1    7954.5   13267.1     399.3     599.0    27144
    u_dtlb                     5408.3    3154.8       0.0     180.3     270.4     7211
    u_wb                       6023.5    4380.7       0.0     219.0     328.6     8761
    u_l1d                       279.3     419.0   13267.1       0.0       0.0    11172
  u_l2                       5840.2    2272.5   25144.7     239.2     398.6    27116
    u_adapt                    5580.9    1754.0       0.0     239.2     398.6     6378
    u_l2mem                     259.2     518.4   25144.7       0.0       0.0    20737
  u_csr                      6723.5    7171.8       0.0     448.2     597.6    11952
  u_clk                       300.3     600.6       0.0    4504.5     600.6     4804
Total                       84348.7   52541.4   50982.8    8220.6    6282.0   161900
die_total                  156289.9   89752.3   50982.8    8220.6   21166.4   261129
