************************************************************************
SPECint2006 result summary (instruction-accurate core model)
Method : performance-model (sparta-based, 250M inst SimPoint)
Version: v0.9.2
Date   : 2026-07-13
************************************************************************
Benchmark        Ref IPC   Cycles(M)   Insts(M)     IPC   Ratio@1GHz  L1D MPKI  L2 MPKI  BrMisp%
---
400.perlbench      1.00      1209.6      2300.0   1.901      1.9015      1.80     0.35     3.1
401.bzip2          1.00      1584.9      2300.0   1.451      1.4512      3.90     0.60     2.6
403.gcc            1.00      1483.2      2300.0   1.551      1.5507      2.60     0.42     5.8
429.mcf            1.00      3202.9      2300.0   0.718      0.7181      8.80     3.90     1.2
445.gobmk          1.00      1353.4      2300.0   1.699      1.6995      1.60     0.28     2.9
456.hmmer          1.00      1099.2      2300.0   2.092      2.0924      1.10     0.18     1.4
458.sjeng          1.00      1240.6      2300.0   1.854      1.8539      1.40     0.24     1.8
462.libquantum     1.00       958.9      2300.0   2.399      2.3986      4.50     1.10     0.4
464.h264ref        1.00      1430.9      2300.0   1.607      1.6074      2.20     0.55     2.2
471.omnetpp        1.00      2420.9      2300.0   0.950      0.9501      7.20     2.60     6.5
473.astar          1.00      1537.4      2300.0   1.496      1.4960      4.10     0.95     3.3
483.xalancbmk      1.00      2192.7      2300.0   1.049      1.0489      6.50     2.10     7.2
Geomean            1.00                                      1.4865
