************************************************************************
Report : report_power -analysis_mode vectorless -hierarchy
Design : rv_ooc_core
Version: P-2019.06-SP1
Date   : 2026-08-10
Supply : 0.80 V
Default toggle rate: 0.15
Clock gating efficiency: 78.0 %
************************************************************************
Power by category (mW)
---
Combinational      11.572
Register            7.522
Clock               6.758
Memory              9.837

Hierarchical power (mW)
---
Instance                          Internal  Switching   Leakage     Total
core_top                              15.591     13.826     6.273    35.689
  core_top.u_ifu                         2.502      2.218     1.006     5.726
    core_top.u_ifu.u_bp                    0.349      0.310     0.108     0.767
    core_top.u_ifu.u_dec                   1.107      0.982     0.446     2.535
    core_top.u_ifu.u_l1i                   0.946      0.839     0.639     2.424
  core_top.u_ex                          5.346      4.741     2.151    12.238
    core_top.u_ex.gen_alu[0]               0.301      0.267     0.121     0.688
      core_top.u_ex.gen_alu[0].u_alu         0.301      0.267     0.121     0.688
    core_top.u_ex.gen_alu[1]               0.302      0.268     0.121     0.691
      core_top.u_ex.gen_alu[1].u_alu         0.302      0.268     0.121     0.691
    core_top.u_ex.u_rob                    1.298      1.151     0.401     2.851
    core_top.u_ex.u_lsq                    0.643      0.570     0.198     1.411
    core_top.u_ex.u_sched                  1.083      0.960     0.436     2.479
    core_top.u_ex.u_mul                    0.802      0.711     0.323     1.836
    core_top.u_ex.u_byp                    0.997      0.884     0.401     2.283
  core_top.u_lsu                         2.351      2.084     0.946     5.381
    core_top.u_lsu.u_dtlb                  0.555      0.492     0.223     1.270
    core_top.u_lsu.u_wb                    0.679      0.602     0.273     1.554
    core_top.u_lsu.u_l1d                   0.998      0.885     0.674     2.556
  core_top.u_l2                          2.256      2.001     0.908     5.164
    core_top.u_l2.u_adapt                  0.344      0.305     0.138     0.788
    core_top.u_l2.u_l2mem                  1.606      1.424     1.346     4.376
  core_top.u_csr                         0.184      0.163     0.074     0.421
  core_top.u_clk                         2.952      2.618     1.188     6.758
Total                                 15.591     13.826     6.273    35.689
