************************************************************************
Report : report_area -hierarchy
Design : rv_ooc_core
Version: T-2022.03-SP4
Library : n7_tt_0p80v_25c
Date   : 2026-08-10
************************************************************************
Hierarchical cell area (um^2)
---
Module                          Comb       Seq     Macro     Clock   Buf/Inv   Cells
core_top                  85602.1   54662.6   50952.8    8406.1    6661.4   165028
  u_ifu                     12206.1   10980.7   12576.9     880.3    1400.7    30435
    u_bp                       2042.3    3744.3       0.0     340.4     680.8     5446
    u_dec                      9899.0    6839.3       0.0     539.9     719.9    14398
    u_l1i                       264.8     397.2   12576.9       0.0       0.0    10591
  u_ex                      48749.6   25634.4       0.0    1937.8    3061.3    63506
    gen_alu_0                  4298.4       0.0       0.0     195.4     390.8     3907
      u_alu                      4298.4       0.0       0.0     195.4     390.8     3907
    gen_alu_1                  4316.8       0.0       0.0     196.2     392.4     3924
      u_alu                      4316.8       0.0       0.0     196.2     392.4     3924
    u_rob                      6159.4   10559.0       0.0     352.0     527.9    14078
    u_lsq                      3484.5    4791.2       0.0     174.2     261.3     6968
    u_sched                    9919.5    5279.7       0.0     320.0     480.0    12799
    u_mul                      8529.8    2843.3       0.0     236.9     236.9     9477
    u_byp                     12041.3    2161.3       0.0     463.1     771.9    12350
  u_lsu                     11760.8    7990.0   13260.7     401.1     601.7    27211
    u_dtlb                     5411.7    3156.8       0.0     180.4     270.6     7215
    u_wb                       6069.9    4414.5       0.0     220.7     331.1     8828
    u_l1d                       279.2     418.8   13260.7       0.0       0.0    11166
  u_l2                       5852.9    2275.9   25115.2     239.7     399.6    27106
    u_adapt                    5593.9    1758.1       0.0     239.7     399.6     6393
    u_l2mem                     258.9     517.8   25115.2       0.0       0.0    20713
  u_csr                      6732.9    7181.8       0.0     448.9     598.5    11969
  u_clk                       299.9     599.8       0.0    4498.2     599.8     4798
Total                       85602.1   54662.6   50952.8    8406.1    6661.4   165028
die_total                  158933.1   92592.5   50952.8    8406.1   21833.4   266174
