************************************************************************
SPECint2006 result summary (instruction-accurate core model)
Method : performance-model (sparta-based, 250M inst SimPoint)
Version: v0.9.2
Date   : 2026-08-10
************************************************************************
Benchmark        Ref IPC   Cycles(M)   Insts(M)     IPC   Ratio@1GHz  L1D MPKI  L2 MPKI  BrMisp%
---
400.perlbench      1.00      1181.8      2300.0   1.946      1.9461      1.80     0.35     3.1
401.bzip2          1.00      1555.7      2300.0   1.478      1.4785      3.90     0.60     2.6
403.gcc            1.00      1383.8      2300.0   1.662      1.6621      2.60     0.42     5.8
429.mcf            1.00      3104.1      2300.0   0.741      0.7410      8.80     3.90     1.2
445.gobmk          1.00      1315.1      2300.0   1.749      1.7489      1.60     0.28     2.9
456.hmmer          1.00      1064.4      2300.0   2.161      2.1609      1.10     0.18     1.4
458.sjeng          1.00      1214.4      2300.0   1.894      1.8940      1.40     0.24     1.8
462.libquantum     1.00       932.2      2300.0   2.467      2.4673      4.50     1.10     0.4
464.h264ref        1.00      1407.1      2300.0   1.635      1.6346      2.20     0.55     2.2
471.omnetpp        1.00      2371.2      2300.0   0.970      0.9700      7.20     2.60     6.5
473.astar          1.00      1491.5      2300.0   1.542      1.5421      4.10     0.95     3.3
483.xalancbmk      1.00      2144.8      2300.0   1.072      1.0724      6.50     2.10     7.2
Geomean            1.00                                      1.5297
