************************************************************************
SPECint2006 result summary (instruction-accurate core model)
Method : slice-based perf model (32-slice aggregation)
Version: v0.9.2
Date   : 2026-05-04
************************************************************************
Benchmark        Ref IPC   Cycles(M)   Insts(M)     IPC   Ratio@1GHz  L1D MPKI  L2 MPKI  BrMisp%
---
400.perlbench      1.00      1221.9      2300.0   1.882      1.8823      1.80     0.35     3.1
401.bzip2          1.00      1572.1      2300.0   1.463      1.4630      3.90     0.60     2.6
403.gcc            1.00      1481.9      2300.0   1.552      1.5520      2.60     0.42     5.8
429.mcf            1.00      3215.6      2300.0   0.715      0.7153      8.80     3.90     1.2
445.gobmk          1.00      1359.5      2300.0   1.692      1.6918      1.60     0.28     2.9
456.hmmer          1.00      1087.5      2300.0   2.115      2.1150      1.10     0.18     1.4
458.sjeng          1.00      1234.1      2300.0   1.864      1.8638      1.40     0.24     1.8
462.libquantum     1.00       959.1      2300.0   2.398      2.3980      4.50     1.10     0.4
464.h264ref        1.00      1451.3      2300.0   1.585      1.5848      2.20     0.55     2.2
471.omnetpp        1.00      2410.6      2300.0   0.954      0.9541      7.20     2.60     6.5
473.astar          1.00      1535.4      2300.0   1.498      1.4980      4.10     0.95     3.3
483.xalancbmk      1.00      2190.3      2300.0   1.050      1.0501      6.50     2.10     7.2
Geomean            1.00                                      1.4864
