************************************************************************
SPECint2006 result summary (instruction-accurate core model)
Method : slice-based perf model (32-slice aggregation)
Version: v0.9.2
Date   : 2026-06-15
************************************************************************
Benchmark        Ref IPC   Cycles(M)   Insts(M)     IPC   Ratio@1GHz  L1D MPKI  L2 MPKI  BrMisp%
---
400.perlbench      1.00      1206.5      2300.0   1.906      1.9064      1.80     0.35     3.1
401.bzip2          1.00      1595.0      2300.0   1.442      1.4420      3.90     0.60     2.6
403.gcc            1.00      1472.0      2300.0   1.563      1.5625      2.60     0.42     5.8
429.mcf            1.00      3190.5      2300.0   0.721      0.7209      8.80     3.90     1.2
445.gobmk          1.00      1350.9      2300.0   1.703      1.7026      1.60     0.28     2.9
456.hmmer          1.00      1101.2      2300.0   2.089      2.0887      1.10     0.18     1.4
458.sjeng          1.00      1232.8      2300.0   1.866      1.8657      1.40     0.24     1.8
462.libquantum     1.00       965.7      2300.0   2.382      2.3818      4.50     1.10     0.4
464.h264ref        1.00      1425.4      2300.0   1.614      1.6136      2.20     0.55     2.2
471.omnetpp        1.00      2403.3      2300.0   0.957      0.9570      7.20     2.60     6.5
473.astar          1.00      1542.5      2300.0   1.491      1.4911      4.10     0.95     3.3
483.xalancbmk      1.00      2210.6      2300.0   1.040      1.0404      6.50     2.10     7.2
Geomean            1.00                                      1.4874
