************************************************************************
Report : report_area -hierarchy
Design : rv_ooc_core
Version: T-2022.03-SP4
Library : n7_tt_0p80v_25c
Date   : 2026-08-17
************************************************************************
Hierarchical cell area (um^2)
---
Module                          Comb       Seq     Macro     Clock   Buf/Inv   Cells
core_top                  85454.4   54585.3   50982.9    8411.6    6657.8   164873
  u_ifu                     12169.8   10963.5   12589.4     879.1    1399.8    30401
    u_bp                       2049.0    3756.4       0.0     341.5     683.0     5463
    u_dec                      9855.9    6809.5       0.0     537.6     716.8    14335
    u_l1i                       265.0     397.6   12589.4       0.0       0.0    10601
  u_ex                      48686.9   25582.1       0.0    1935.7    3058.8    63410
    gen_alu_0                  4302.7       0.0       0.0     195.6     391.2     3911
      u_alu                      4302.7       0.0       0.0     195.6     391.2     3911
    gen_alu_1                  4330.4       0.0       0.0     196.8     393.7     3936
      u_alu                      4330.4       0.0       0.0     196.8     393.7     3936
    u_rob                      6147.5   10538.6       0.0     351.3     526.9    14051
    u_lsq                      3478.2    4782.6       0.0     173.9     260.9     6956
    u_sched                    9897.0    5267.8       0.0     319.3     478.9    12770
    u_mul                      8502.3    2834.1       0.0     236.2     236.2     9446
    u_byp                     12028.8    2159.0       0.0     462.6     771.1    12337
  u_lsu                     11689.7    7942.3   13294.3     398.6     597.9    27138
    u_dtlb                     5388.7    3143.4       0.0     179.6     269.4     7184
    u_wb                       6021.2    4379.0       0.0     219.0     328.4     8758
    u_l1d                       279.9     419.8   13294.3       0.0       0.0    11195
  u_l2                       5831.6    2269.0   25099.2     238.8     398.1    27069
    u_adapt                    5572.8    1751.5       0.0     238.8     398.1     6368
    u_l2mem                     258.8     517.5   25099.2       0.0       0.0    20700
  u_csr                      6775.8    7227.5       0.0     451.7     602.3    12045
  u_clk                       300.5     601.0       0.0    4507.6     601.0     4808
Total                       85454.4   54585.3   50982.9    8411.6    6657.8   164873
die_total                  158716.7   92479.6   50982.9    8411.6   21815.5   265924
