************************************************************************
SPECint2006 result summary (instruction-accurate core model)
Method : performance-model (sparta-based, 250M inst SimPoint)
Version: v0.9.2
Date   : 2026-08-17
************************************************************************
Benchmark        Ref IPC   Cycles(M)   Insts(M)     IPC   Ratio@1GHz  L1D MPKI  L2 MPKI  BrMisp%
---
400.perlbench      1.00      1181.7      2300.0   1.946      1.9464      1.80     0.35     3.1
401.bzip2          1.00      1545.7      2300.0   1.488      1.4880      3.90     0.60     2.6
403.gcc            1.00      1387.7      2300.0   1.657      1.6575      2.60     0.42     5.8
429.mcf            1.00      3104.5      2300.0   0.741      0.7409      8.80     3.90     1.2
445.gobmk          1.00      1320.2      2300.0   1.742      1.7421      1.60     0.28     2.9
456.hmmer          1.00      1074.4      2300.0   2.141      2.1407      1.10     0.18     1.4
458.sjeng          1.00      1210.6      2300.0   1.900      1.9000      1.40     0.24     1.8
462.libquantum     1.00       940.4      2300.0   2.446      2.4458      4.50     1.10     0.4
464.h264ref        1.00      1405.7      2300.0   1.636      1.6362      2.20     0.55     2.2
471.omnetpp        1.00      2361.5      2300.0   0.974      0.9740      7.20     2.60     6.5
473.astar          1.00      1499.6      2300.0   1.534      1.5338      4.10     0.95     3.3
483.xalancbmk      1.00      2136.9      2300.0   1.076      1.0763      6.50     2.10     7.2
Geomean            1.00                                      1.5281
