************************************************************************
SPECint2006 result summary (instruction-accurate core model)
Method : fast gate-level simulation (gate model, sampled)
Version: v0.9.2
Date   : 2026-05-18
************************************************************************
Benchmark        Ref IPC   Cycles(M)   Insts(M)     IPC   Ratio@1GHz  L1D MPKI  L2 MPKI  BrMisp%
---
400.perlbench      1.00      1220.9      2300.0   1.884      1.8838      1.80     0.35     3.1
401.bzip2          1.00      1613.8      2300.0   1.425      1.4252      3.90     0.60     2.6
403.gcc            1.00      1513.1      2300.0   1.520      1.5200      2.60     0.42     5.8
429.mcf            1.00      3220.6      2300.0   0.714      0.7142      8.80     3.90     1.2
445.gobmk          1.00      1351.7      2300.0   1.702      1.7016      1.60     0.28     2.9
456.hmmer          1.00      1093.9      2300.0   2.103      2.1026      1.10     0.18     1.4
458.sjeng          1.00      1231.8      2300.0   1.867      1.8671      1.40     0.24     1.8
462.libquantum     1.00       945.5      2300.0   2.433      2.4326      4.50     1.10     0.4
464.h264ref        1.00      1421.9      2300.0   1.618      1.6175      2.20     0.55     2.2
471.omnetpp        1.00      2419.6      2300.0   0.951      0.9506      7.20     2.60     6.5
473.astar          1.00      1541.5      2300.0   1.492      1.4920      4.10     0.95     3.3
483.xalancbmk      1.00      2152.4      2300.0   1.069      1.0686      6.50     2.10     7.2
Geomean            1.00                                      1.4862
