************************************************************************
SPECint2006 result summary (instruction-accurate core model)
Method : gem5 full-system cycle model (SE mode, SimPoint)
Version: v0.9.2
Date   : 2026-08-17
************************************************************************
Benchmark        Ref IPC   Cycles(M)   Insts(M)     IPC   Ratio@1GHz  L1D MPKI  L2 MPKI  BrMisp%
---
400.perlbench      1.00      1153.8      2300.0   1.993      1.9934      1.80     0.35     3.1
401.bzip2          1.00      1520.9      2300.0   1.512      1.5122      3.90     0.60     2.6
403.gcc            1.00      1360.2      2300.0   1.691      1.6909      2.60     0.42     5.8
429.mcf            1.00      3069.0      2300.0   0.749      0.7494      8.80     3.90     1.2
445.gobmk          1.00      1301.4      2300.0   1.767      1.7674      1.60     0.28     2.9
456.hmmer          1.00      1053.1      2300.0   2.184      2.1839      1.10     0.18     1.4
458.sjeng          1.00      1194.6      2300.0   1.925      1.9253      1.40     0.24     1.8
462.libquantum     1.00       919.7      2300.0   2.501      2.5008      4.50     1.10     0.4
464.h264ref        1.00      1371.8      2300.0   1.677      1.6766      2.20     0.55     2.2
471.omnetpp        1.00      2312.5      2300.0   0.995      0.9946      7.20     2.60     6.5
473.astar          1.00      1472.6      2300.0   1.562      1.5618      4.10     0.95     3.3
483.xalancbmk      1.00      2100.1      2300.0   1.095      1.0952      6.50     2.10     7.2
Geomean            1.00                                      1.5567
