************************************************************************
SPECint2006 result summary (instruction-accurate core model)
Method : slice-based perf model (32-slice aggregation)
Version: v0.9.2
Date   : 2026-06-29
************************************************************************
Benchmark        Ref IPC   Cycles(M)   Insts(M)     IPC   Ratio@1GHz  L1D MPKI  L2 MPKI  BrMisp%
---
400.perlbench      1.00      1208.6      2300.0   1.903      1.9031      1.80     0.35     3.1
401.bzip2          1.00      1587.8      2300.0   1.449      1.4485      3.90     0.60     2.6
403.gcc            1.00      1479.4      2300.0   1.555      1.5547      2.60     0.42     5.8
429.mcf            1.00      3189.5      2300.0   0.721      0.7211      8.80     3.90     1.2
445.gobmk          1.00      1358.8      2300.0   1.693      1.6926      1.60     0.28     2.9
456.hmmer          1.00      1084.9      2300.0   2.120      2.1200      1.10     0.18     1.4
458.sjeng          1.00      1253.7      2300.0   1.835      1.8346      1.40     0.24     1.8
462.libquantum     1.00       952.6      2300.0   2.414      2.4143      4.50     1.10     0.4
464.h264ref        1.00      1429.6      2300.0   1.609      1.6088      2.20     0.55     2.2
471.omnetpp        1.00      2407.1      2300.0   0.956      0.9555      7.20     2.60     6.5
473.astar          1.00      1535.3      2300.0   1.498      1.4981      4.10     0.95     3.3
483.xalancbmk      1.00      2174.1      2300.0   1.058      1.0579      6.50     2.10     7.2
Geomean            1.00                                      1.4899
