************************************************************************
SPECint2006 result summary (instruction-accurate core model)
Method : performance-model (sparta-based, 250M inst SimPoint)
Version: v0.9.2
************************************************************************
Benchmark        Ref IPC   Cycles(M)   Insts(M)     IPC   Ratio@1GHz  L1D MPKI  L2 MPKI  BrMisp%
---
400.perlbench      1.00      1172.8      2300.0   1.961      1.9611      1.80     0.35     3.1
401.bzip2          1.00      1536.8      2300.0   1.497      1.4967      3.90     0.60     2.6
403.gcc            1.00      1437.6      2300.0   1.600      1.5999      2.60     0.42     5.8
429.mcf            1.00      3094.9      2300.0   0.743      0.7432      8.80     3.90     1.2
445.gobmk          1.00      1310.8      2300.0   1.755      1.7547      1.60     0.28     2.9
456.hmmer          1.00      1061.1      2300.0   2.168      2.1676      1.10     0.18     1.4
458.sjeng          1.00      1204.5      2300.0   1.910      1.9095      1.40     0.24     1.8
462.libquantum     1.00       928.5      2300.0   2.477      2.4772      4.50     1.10     0.4
464.h264ref        1.00      1392.7      2300.0   1.651      1.6515      2.20     0.55     2.2
471.omnetpp        1.00      2345.6      2300.0   0.981      0.9806      7.20     2.60     6.5
473.astar          1.00      1485.5      2300.0   1.548      1.5483      4.10     0.95     3.3
483.xalancbmk      1.00      2122.2      2300.0   1.084      1.0838      6.50     2.10     7.2
Geomean            1.00                                      1.5346
