************************************************************************
SPECint2006 result summary (instruction-accurate core model)
Method : gem5 full-system cycle model (SE mode, SimPoint)
Version: v0.9.2
Date   : 2026-06-01
************************************************************************
Benchmark        Ref IPC   Cycles(M)   Insts(M)     IPC   Ratio@1GHz  L1D MPKI  L2 MPKI  BrMisp%
---
400.perlbench      1.00      1188.7      2300.0   1.935      1.9349      1.80     0.35     3.1
401.bzip2          1.00      1552.3      2300.0   1.482      1.4816      3.90     0.60     2.6
403.gcc            1.00      1453.8      2300.0   1.582      1.5820      2.60     0.42     5.8
429.mcf            1.00      3129.4      2300.0   0.735      0.7350      8.80     3.90     1.2
445.gobmk          1.00      1320.5      2300.0   1.742      1.7417      1.60     0.28     2.9
456.hmmer          1.00      1073.1      2300.0   2.143      2.1432      1.10     0.18     1.4
458.sjeng          1.00      1213.1      2300.0   1.896      1.8959      1.40     0.24     1.8
462.libquantum     1.00       943.0      2300.0   2.439      2.4390      4.50     1.10     0.4
464.h264ref        1.00      1402.6      2300.0   1.640      1.6398      2.20     0.55     2.2
471.omnetpp        1.00      2361.9      2300.0   0.974      0.9738      7.20     2.60     6.5
473.astar          1.00      1501.2      2300.0   1.532      1.5321      4.10     0.95     3.3
483.xalancbmk      1.00      2139.7      2300.0   1.075      1.0749      6.50     2.10     7.2
Geomean            1.00                                      1.5193
