************************************************************************
Report : report_area -hierarchy
Design : rv_ooc_core
Version: T-2022.03-SP4
Library : n7_tt_0p80v_25c
Date   : 2026-06-29
************************************************************************
Hierarchical cell area (um^2)
---
Module                          Comb       Seq     Macro     Clock   Buf/Inv   Cells
core_top                  84454.2   52623.7   51110.6    8218.2    6293.7   162160
  u_ifu                     11087.1    8937.0   12519.9     694.8    1029.8    27414
    u_bp                        931.0    1706.8       0.0     155.2     310.3     2482
    u_dec                      9892.5    6834.8       0.0     539.6     719.5    14389
    u_l1i                       263.6     395.4   12519.9       0.0       0.0    10543
  u_ex                      48696.4   25604.2       0.0    1937.4    3062.6    63440
    gen_alu_0                  4327.3       0.0       0.0     196.7     393.4     3933
      u_alu                      4327.3       0.0       0.0     196.7     393.4     3933
    gen_alu_1                  4322.5       0.0       0.0     196.5     393.0     3929
      u_alu                      4322.5       0.0       0.0     196.5     393.0     3929
    u_rob                      6184.6   10602.2       0.0     353.4     530.1    14136
    u_lsq                      3463.7    4762.6       0.0     173.2     259.8     6927
    u_sched                    9872.0    5254.4       0.0     318.5     477.7    12738
    u_mul                      8455.4    2818.5       0.0     234.9     234.9     9394
    u_byp                     12070.9    2166.6       0.0     464.3     773.8    12380
  u_lsu                     11752.6    7985.2   13308.7     400.8     601.2    27238
    u_dtlb                     5409.6    3155.6       0.0     180.3     270.5     7212
    u_wb                       6062.8    4409.3       0.0     220.5     330.7     8818
    u_l1d                       280.2     420.3   13308.7       0.0       0.0    11207
  u_l2                       5849.6    2277.8   25282.0     239.5     399.2    27238
    u_adapt                    5588.9    1756.5       0.0     239.5     399.2     6387
    u_l2mem                     260.6     521.3   25282.0       0.0       0.0    20851
  u_csr                      6768.9    7220.2       0.0     451.3     601.7    12033
  u_clk                       299.6     599.3       0.0    4494.5     599.3     4794
Total                       84454.2   52623.7   51110.6    8218.2    6293.7   162160
die_total                  156510.9   89894.4   51110.6    8218.2   21202.0   261548
