************************************************************************
SPECint2006 result summary (instruction-accurate core model)
Method : performance-model (sparta-based, 250M inst SimPoint)
Version: v0.9.2
Date   : 2026-06-29
************************************************************************
Benchmark        Ref IPC   Cycles(M)   Insts(M)     IPC   Ratio@1GHz  L1D MPKI  L2 MPKI  BrMisp%
---
400.perlbench      1.00      1214.8      2300.0   1.893      1.8934      1.80     0.35     3.1
401.bzip2          1.00      1580.9      2300.0   1.455      1.4548      3.90     0.60     2.6
403.gcc            1.00      1479.0      2300.0   1.555      1.5551      2.60     0.42     5.8
429.mcf            1.00      3180.3      2300.0   0.723      0.7232      8.80     3.90     1.2
445.gobmk          1.00      1354.8      2300.0   1.698      1.6977      1.60     0.28     2.9
456.hmmer          1.00      1091.9      2300.0   2.106      2.1064      1.10     0.18     1.4
458.sjeng          1.00      1248.2      2300.0   1.843      1.8426      1.40     0.24     1.8
462.libquantum     1.00       960.4      2300.0   2.395      2.3949      4.50     1.10     0.4
464.h264ref        1.00      1439.1      2300.0   1.598      1.5982      2.20     0.55     2.2
471.omnetpp        1.00      2429.9      2300.0   0.947      0.9465      7.20     2.60     6.5
473.astar          1.00      1540.2      2300.0   1.493      1.4933      4.10     0.95     3.3
483.xalancbmk      1.00      2184.2      2300.0   1.053      1.0530      6.50     2.10     7.2
Geomean            1.00                                      1.4864
