************************************************************************
SPECint2006 result summary (instruction-accurate core model)
Method : Zebu RTL emulation (workload checkpoints)
Version: v0.9.2
Date   : 2026-06-01
************************************************************************
Benchmark        Ref IPC   Cycles(M)   Insts(M)     IPC   Ratio@1GHz  L1D MPKI  L2 MPKI  BrMisp%
---
400.perlbench      1.00      1209.9      2300.0   1.901      1.9009      1.80     0.35     3.1
401.bzip2          1.00      1589.1      2300.0   1.447      1.4474      3.90     0.60     2.6
403.gcc            1.00      1487.0      2300.0   1.547      1.5467      2.60     0.42     5.8
429.mcf            1.00      3189.8      2300.0   0.721      0.7211      8.80     3.90     1.2
445.gobmk          1.00      1356.2      2300.0   1.696      1.6959      1.60     0.28     2.9
456.hmmer          1.00      1097.6      2300.0   2.096      2.0955      1.10     0.18     1.4
458.sjeng          1.00      1246.1      2300.0   1.846      1.8457      1.40     0.24     1.8
462.libquantum     1.00       957.1      2300.0   2.403      2.4030      4.50     1.10     0.4
464.h264ref        1.00      1436.9      2300.0   1.601      1.6007      2.20     0.55     2.2
471.omnetpp        1.00      2418.1      2300.0   0.951      0.9512      7.20     2.60     6.5
473.astar          1.00      1531.2      2300.0   1.502      1.5021      4.10     0.95     3.3
483.xalancbmk      1.00      2185.6      2300.0   1.052      1.0524      6.50     2.10     7.2
Geomean            1.00                                      1.4865
