************************************************************************
Report : report_power -analysis_mode vectorless -hierarchy
Design : rv_ooc_core
Version: P-2019.06-SP1
Date   : 2026-06-08
Supply : 0.80 V
Default toggle rate: 0.15
Clock gating efficiency: 78.0 %
************************************************************************
Power by category (mW)
---
Combinational      11.408
Register            7.415
Clock               6.757
Memory              9.697

Hierarchical power (mW)
---
Instance                          Internal  Switching   Leakage     Total
core_top                              17.201     15.254     2.822    35.277
  core_top.u_ifu                         2.588      2.295     0.425     5.307
    core_top.u_ifu.u_bp                    0.173      0.153     0.022     0.349
    core_top.u_ifu.u_dec                   1.242      1.101     0.204     2.547
    core_top.u_ifu.u_l1i                   1.125      0.997     0.289     2.412
  core_top.u_ex                          5.959      5.284     0.978    12.220
    core_top.u_ex.gen_alu[0]               0.337      0.299     0.055     0.690
      core_top.u_ex.gen_alu[0].u_alu         0.337      0.299     0.055     0.690
    core_top.u_ex.gen_alu[1]               0.336      0.298     0.055     0.688
      core_top.u_ex.gen_alu[1].u_alu         0.336      0.298     0.055     0.688
    core_top.u_ex.u_rob                    1.415      1.255     0.183     2.852
    core_top.u_ex.u_lsq                    0.699      0.620     0.090     1.409
    core_top.u_ex.u_sched                  1.206      1.070     0.198     2.474
    core_top.u_ex.u_mul                    0.895      0.794     0.147     1.836
    core_top.u_ex.u_byp                    1.108      0.982     0.182     2.272
  core_top.u_lsu                         2.618      2.322     0.430     5.369
    core_top.u_lsu.u_dtlb                  0.617      0.547     0.101     1.266
    core_top.u_lsu.u_wb                    0.757      0.671     0.124     1.552
    core_top.u_lsu.u_l1d                   1.190      1.055     0.306     2.552
  core_top.u_l2                          2.536      2.249     0.416     5.201
    core_top.u_l2.u_adapt                  0.384      0.341     0.063     0.788
    core_top.u_l2.u_l2mem                  2.011      1.784     0.618     4.413
  core_top.u_csr                         0.206      0.183     0.034     0.423
  core_top.u_clk                         3.295      2.922     0.541     6.757
Total                                 17.201     15.254     2.822    35.277
