************************************************************************
Report : report_area -hierarchy
Design : rv_ooc_core
Version: T-2022.03-SP4
Library : n7_tt_0p80v_25c
Date   : 2026-06-08
************************************************************************
Hierarchical cell area (um^2)
---
Module                          Comb       Seq     Macro     Clock   Buf/Inv   Cells
core_top                  84443.9   52633.3   51073.4    8219.3    6288.8   162126
  u_ifu                     11136.2    8968.1   12511.5     697.2    1032.8    27476
    u_bp                        928.6    1702.5       0.0     154.8     309.5     2476
    u_dec                      9944.2    6870.5       0.0     542.4     723.2    14464
    u_l1i                       263.4     395.1   12511.5       0.0       0.0    10536
  u_ex                      48665.7   25609.5       0.0    1934.7    3056.2    63412
    gen_alu_0                  4313.4       0.0       0.0     196.1     392.1     3921
      u_alu                      4313.4       0.0       0.0     196.1     392.1     3921
    gen_alu_1                  4301.1       0.0       0.0     195.5     391.0     3910
      u_alu                      4301.1       0.0       0.0     195.5     391.0     3910
    u_rob                      6162.3   10563.9       0.0     352.1     528.2    14085
    u_lsq                      3478.3    4782.6       0.0     173.9     260.9     6956
    u_sched                    9899.1    5268.9       0.0     319.3     479.0    12773
    u_mul                      8530.9    2843.6       0.0     237.0     237.0     9478
    u_byp                     11980.6    2150.4       0.0     460.8     768.0    12287
  u_lsu                     11729.8    7970.2   13238.9     400.1     600.1    27151
    u_dtlb                     5391.1    3144.8       0.0     179.7     269.6     7188
    u_wb                       6060.0    4407.3       0.0     220.4     330.5     8814
    u_l1d                       278.7     418.1   13238.9       0.0       0.0    11148
  u_l2                       5857.7    2281.1   25322.9     239.9     399.8    27281
    u_adapt                    5596.6    1758.9       0.0     239.9     399.8     6396
    u_l2mem                     261.1     522.1   25322.9       0.0       0.0    20884
  u_csr                      6754.6    7204.9       0.0     450.3     600.4    12008
  u_clk                       299.8     599.6       0.0    4497.1     599.6     4796
Total                       84443.9   52633.3   51073.4    8219.3    6288.8   162126
die_total                  156485.7   89896.3   51073.4    8219.3   21194.0   261494
