************************************************************************
SPECint2006 result summary (instruction-accurate core model)
Method : performance-model (sparta-based, 250M inst SimPoint)
Version: v0.9.2
Date   : 2026-06-08
************************************************************************
Benchmark        Ref IPC   Cycles(M)   Insts(M)     IPC   Ratio@1GHz  L1D MPKI  L2 MPKI  BrMisp%
---
400.perlbench      1.00      1214.2      2300.0   1.894      1.8942      1.80     0.35     3.1
401.bzip2          1.00      1590.9      2300.0   1.446      1.4457      3.90     0.60     2.6
403.gcc            1.00      1489.9      2300.0   1.544      1.5438      2.60     0.42     5.8
429.mcf            1.00      3198.5      2300.0   0.719      0.7191      8.80     3.90     1.2
445.gobmk          1.00      1355.7      2300.0   1.697      1.6966      1.60     0.28     2.9
456.hmmer          1.00      1090.3      2300.0   2.109      2.1094      1.10     0.18     1.4
458.sjeng          1.00      1246.6      2300.0   1.845      1.8451      1.40     0.24     1.8
462.libquantum     1.00       956.1      2300.0   2.406      2.4056      4.50     1.10     0.4
464.h264ref        1.00      1440.0      2300.0   1.597      1.5972      2.20     0.55     2.2
471.omnetpp        1.00      2412.3      2300.0   0.953      0.9534      7.20     2.60     6.5
473.astar          1.00      1537.8      2300.0   1.496      1.4956      4.10     0.95     3.3
483.xalancbmk      1.00      2183.9      2300.0   1.053      1.0532      6.50     2.10     7.2
Geomean            1.00                                      1.4859
