************************************************************************
SPECint2006 result summary (instruction-accurate core model)
Method : slice-based perf model (32-slice aggregation)
Version: v0.9.2
Date   : 2026-08-17
************************************************************************
Benchmark        Ref IPC   Cycles(M)   Insts(M)     IPC   Ratio@1GHz  L1D MPKI  L2 MPKI  BrMisp%
---
400.perlbench      1.00      1172.8      2300.0   1.961      1.9611      1.80     0.35     3.1
401.bzip2          1.00      1550.2      2300.0   1.484      1.4837      3.90     0.60     2.6
403.gcc            1.00      1386.8      2300.0   1.659      1.6585      2.60     0.42     5.8
429.mcf            1.00      3137.6      2300.0   0.733      0.7331      8.80     3.90     1.2
445.gobmk          1.00      1313.6      2300.0   1.751      1.7509      1.60     0.28     2.9
456.hmmer          1.00      1065.2      2300.0   2.159      2.1592      1.10     0.18     1.4
458.sjeng          1.00      1215.2      2300.0   1.893      1.8927      1.40     0.24     1.8
462.libquantum     1.00       943.0      2300.0   2.439      2.4391      4.50     1.10     0.4
464.h264ref        1.00      1405.5      2300.0   1.636      1.6364      2.20     0.55     2.2
471.omnetpp        1.00      2350.1      2300.0   0.979      0.9787      7.20     2.60     6.5
473.astar          1.00      1510.0      2300.0   1.523      1.5231      4.10     0.95     3.3
483.xalancbmk      1.00      2148.5      2300.0   1.070      1.0705      6.50     2.10     7.2
Geomean            1.00                                      1.5274
