************************************************************************
SPECint2006 result summary (instruction-accurate core model)
Method : slice-based perf model (32-slice aggregation)
Version: v0.9.2
Date   : 2026-05-11
************************************************************************
Benchmark        Ref IPC   Cycles(M)   Insts(M)     IPC   Ratio@1GHz  L1D MPKI  L2 MPKI  BrMisp%
---
400.perlbench      1.00      1200.4      2300.0   1.916      1.9160      1.80     0.35     3.1
401.bzip2          1.00      1596.1      2300.0   1.441      1.4410      3.90     0.60     2.6
403.gcc            1.00      1472.9      2300.0   1.561      1.5615      2.60     0.42     5.8
429.mcf            1.00      3198.0      2300.0   0.719      0.7192      8.80     3.90     1.2
445.gobmk          1.00      1350.0      2300.0   1.704      1.7037      1.60     0.28     2.9
456.hmmer          1.00      1088.7      2300.0   2.113      2.1126      1.10     0.18     1.4
458.sjeng          1.00      1251.8      2300.0   1.837      1.8374      1.40     0.24     1.8
462.libquantum     1.00       965.1      2300.0   2.383      2.3831      4.50     1.10     0.4
464.h264ref        1.00      1429.8      2300.0   1.609      1.6086      2.20     0.55     2.2
471.omnetpp        1.00      2440.7      2300.0   0.942      0.9424      7.20     2.60     6.5
473.astar          1.00      1519.1      2300.0   1.514      1.5140      4.10     0.95     3.3
483.xalancbmk      1.00      2212.0      2300.0   1.040      1.0398      6.50     2.10     7.2
Geomean            1.00                                      1.4867
