************************************************************************
Report : report_area -hierarchy
Design : rv_ooc_core
Version: T-2022.03-SP4
Library : n7_tt_0p80v_25c
Date   : 2026-05-04
************************************************************************
Hierarchical cell area (um^2)
---
Module                          Comb       Seq     Macro     Clock   Buf/Inv   Cells
core_top                  72357.7   50443.2   51141.8    7752.4    5514.3   149767
  u_ifu                     11100.8    8943.0   12481.2     695.3    1030.2    27400
    u_bp                        928.5    1702.3       0.0     154.8     309.5     2476
    u_dec                      9909.4    6846.5       0.0     540.5     720.7    14413
    u_l1i                       262.8     394.1   12481.2       0.0       0.0    10510
  u_ex                      36652.8   23472.7       0.0    1473.3    2287.6    51109
    gen_alu_0                  4296.8       0.0       0.0     195.3     390.6     3906
      u_alu                      4296.8       0.0       0.0     195.3     390.6     3906
    gen_alu_1                  4309.1       0.0       0.0     195.9     391.7     3917
      u_alu                      4309.1       0.0       0.0     195.9     391.7     3917
    u_rob                      6190.1   10611.7       0.0     353.7     530.6    14148
    u_lsq                      3460.6    4758.4       0.0     173.0     259.5     6921
    u_sched                    9906.2    5272.6       0.0     319.6     479.3    12782
    u_mul                      8489.9    2830.0       0.0     235.8     235.8     9433
  u_lsu                     11729.8    7967.1   13352.2     399.9     599.8    27239
    u_dtlb                     5425.0    3164.6       0.0     180.8     271.3     7233
    u_wb                       6023.7    4380.9       0.0     219.0     328.6     8761
    u_l1d                       281.1     421.6   13352.2       0.0       0.0    11243
  u_l2                       5837.2    2274.4   25308.4     239.0     398.3    27245
    u_adapt                    5576.3    1752.5       0.0     239.0     398.3     6372
    u_l2mem                     260.9     521.8   25308.4       0.0       0.0    20872
  u_csr                      6737.5    7186.6       0.0     449.2     598.9    11977
  u_clk                       299.7     599.4       0.0    4495.8     599.4     4795
Total                       72357.7   50443.2   51141.8    7752.4    5514.3   149767
die_total                  138907.6   84865.6   51141.8    7752.4   19283.2   241560
