************************************************************************
SPECint2006 result summary (instruction-accurate core model)
Method : performance-model (sparta-based, 250M inst SimPoint)
Version: v0.9.2
Date   : 2026-05-04
************************************************************************
Benchmark        Ref IPC   Cycles(M)   Insts(M)     IPC   Ratio@1GHz  L1D MPKI  L2 MPKI  BrMisp%
---
400.perlbench      1.00      1212.7      2300.0   1.897      1.8966      1.80     0.35     3.1
401.bzip2          1.00      1592.3      2300.0   1.444      1.4445      3.90     0.60     2.6
403.gcc            1.00      1483.0      2300.0   1.551      1.5509      2.60     0.42     5.8
429.mcf            1.00      3189.4      2300.0   0.721      0.7211      8.80     3.90     1.2
445.gobmk          1.00      1357.7      2300.0   1.694      1.6941      1.60     0.28     2.9
456.hmmer          1.00      1096.3      2300.0   2.098      2.0981      1.10     0.18     1.4
458.sjeng          1.00      1245.0      2300.0   1.847      1.8474      1.40     0.24     1.8
462.libquantum     1.00       957.3      2300.0   2.403      2.4026      4.50     1.10     0.4
464.h264ref        1.00      1433.8      2300.0   1.604      1.6041      2.20     0.55     2.2
471.omnetpp        1.00      2425.5      2300.0   0.948      0.9482      7.20     2.60     6.5
473.astar          1.00      1526.5      2300.0   1.507      1.5067      4.10     0.95     3.3
483.xalancbmk      1.00      2180.6      2300.0   1.055      1.0548      6.50     2.10     7.2
Geomean            1.00                                      1.4870
