************************************************************************
SPECint2006 result summary (instruction-accurate core model)
Method : slice-based perf model (32-slice aggregation)
Version: v0.9.2
Date   : 2026-07-13
************************************************************************
Benchmark        Ref IPC   Cycles(M)   Insts(M)     IPC   Ratio@1GHz  L1D MPKI  L2 MPKI  BrMisp%
---
400.perlbench      1.00      1201.0      2300.0   1.915      1.9150      1.80     0.35     3.1
401.bzip2          1.00      1592.2      2300.0   1.445      1.4445      3.90     0.60     2.6
403.gcc            1.00      1490.7      2300.0   1.543      1.5429      2.60     0.42     5.8
429.mcf            1.00      3217.8      2300.0   0.715      0.7148      8.80     3.90     1.2
445.gobmk          1.00      1349.6      2300.0   1.704      1.7042      1.60     0.28     2.9
456.hmmer          1.00      1104.1      2300.0   2.083      2.0831      1.10     0.18     1.4
458.sjeng          1.00      1253.5      2300.0   1.835      1.8348      1.40     0.24     1.8
462.libquantum     1.00       956.5      2300.0   2.405      2.4046      4.50     1.10     0.4
464.h264ref        1.00      1447.6      2300.0   1.589      1.5889      2.20     0.55     2.2
471.omnetpp        1.00      2410.7      2300.0   0.954      0.9541      7.20     2.60     6.5
473.astar          1.00      1530.5      2300.0   1.503      1.5028      4.10     0.95     3.3
483.xalancbmk      1.00      2209.9      2300.0   1.041      1.0408      6.50     2.10     7.2
Geomean            1.00                                      1.4832
