************************************************************************
SPECint2006 result summary (instruction-accurate core model)
Method : gem5 full-system cycle model (SE mode, SimPoint)
Version: v0.9.2
Date   : 2026-08-03
************************************************************************
Benchmark        Ref IPC   Cycles(M)   Insts(M)     IPC   Ratio@1GHz  L1D MPKI  L2 MPKI  BrMisp%
---
400.perlbench      1.00      1160.0      2300.0   1.983      1.9827      1.80     0.35     3.1
401.bzip2          1.00      1516.7      2300.0   1.516      1.5164      3.90     0.60     2.6
403.gcc            1.00      1358.2      2300.0   1.693      1.6934      2.60     0.42     5.8
429.mcf            1.00      3062.6      2300.0   0.751      0.7510      8.80     3.90     1.2
445.gobmk          1.00      1299.5      2300.0   1.770      1.7699      1.60     0.28     2.9
456.hmmer          1.00      1053.2      2300.0   2.184      2.1838      1.10     0.18     1.4
458.sjeng          1.00      1195.3      2300.0   1.924      1.9242      1.40     0.24     1.8
462.libquantum     1.00       919.1      2300.0   2.502      2.5024      4.50     1.10     0.4
464.h264ref        1.00      1371.7      2300.0   1.677      1.6767      2.20     0.55     2.2
471.omnetpp        1.00      2326.8      2300.0   0.988      0.9885      7.20     2.60     6.5
473.astar          1.00      1465.3      2300.0   1.570      1.5696      4.10     0.95     3.3
483.xalancbmk      1.00      2101.7      2300.0   1.094      1.0943      6.50     2.10     7.2
Geomean            1.00                                      1.5567
