************************************************************************
SPECint2006 result summary (instruction-accurate core model)
Method : gem5 full-system cycle model (SE mode, SimPoint)
Version: v0.9.2
Date   : 2026-08-10
************************************************************************
Benchmark        Ref IPC   Cycles(M)   Insts(M)     IPC   Ratio@1GHz  L1D MPKI  L2 MPKI  BrMisp%
---
400.perlbench      1.00      1153.6      2300.0   1.994      1.9937      1.80     0.35     3.1
401.bzip2          1.00      1521.4      2300.0   1.512      1.5118      3.90     0.60     2.6
403.gcc            1.00      1356.0      2300.0   1.696      1.6962      2.60     0.42     5.8
429.mcf            1.00      3056.8      2300.0   0.752      0.7524      8.80     3.90     1.2
445.gobmk          1.00      1296.9      2300.0   1.774      1.7735      1.60     0.28     2.9
456.hmmer          1.00      1044.0      2300.0   2.203      2.2030      1.10     0.18     1.4
458.sjeng          1.00      1195.6      2300.0   1.924      1.9237      1.40     0.24     1.8
462.libquantum     1.00       917.7      2300.0   2.506      2.5062      4.50     1.10     0.4
464.h264ref        1.00      1378.5      2300.0   1.668      1.6684      2.20     0.55     2.2
471.omnetpp        1.00      2326.6      2300.0   0.989      0.9886      7.20     2.60     6.5
473.astar          1.00      1469.3      2300.0   1.565      1.5654      4.10     0.95     3.3
483.xalancbmk      1.00      2099.6      2300.0   1.095      1.0954      6.50     2.10     7.2
Geomean            1.00                                      1.5582
