************************************************************************
SPECint2006 result summary (instruction-accurate core model)
Method : gem5 full-system cycle model (SE mode, SimPoint)
Version: v0.9.2
Date   : 2026-05-25
************************************************************************
Benchmark        Ref IPC   Cycles(M)   Insts(M)     IPC   Ratio@1GHz  L1D MPKI  L2 MPKI  BrMisp%
---
400.perlbench      1.00      1183.2      2300.0   1.944      1.9438      1.80     0.35     3.1
401.bzip2          1.00      1551.2      2300.0   1.483      1.4827      3.90     0.60     2.6
403.gcc            1.00      1458.0      2300.0   1.578      1.5775      2.60     0.42     5.8
429.mcf            1.00      3128.8      2300.0   0.735      0.7351      8.80     3.90     1.2
445.gobmk          1.00      1326.8      2300.0   1.733      1.7335      1.60     0.28     2.9
456.hmmer          1.00      1076.3      2300.0   2.137      2.1370      1.10     0.18     1.4
458.sjeng          1.00      1219.7      2300.0   1.886      1.8857      1.40     0.24     1.8
462.libquantum     1.00       938.8      2300.0   2.450      2.4499      4.50     1.10     0.4
464.h264ref        1.00      1407.2      2300.0   1.634      1.6344      2.20     0.55     2.2
471.omnetpp        1.00      2381.7      2300.0   0.966      0.9657      7.20     2.60     6.5
473.astar          1.00      1498.8      2300.0   1.535      1.5345      4.10     0.95     3.3
483.xalancbmk      1.00      2157.8      2300.0   1.066      1.0659      6.50     2.10     7.2
Geomean            1.00                                      1.5163
