************************************************************************
SPECint2006 result summary (instruction-accurate core model)
Method : gem5 full-system cycle model (SE mode, SimPoint)
Version: v0.9.2
Date   : 2026-05-11
************************************************************************
Benchmark        Ref IPC   Cycles(M)   Insts(M)     IPC   Ratio@1GHz  L1D MPKI  L2 MPKI  BrMisp%
---
400.perlbench      1.00      1184.8      2300.0   1.941      1.9412      1.80     0.35     3.1
401.bzip2          1.00      1560.8      2300.0   1.474      1.4736      3.90     0.60     2.6
403.gcc            1.00      1455.0      2300.0   1.581      1.5808      2.60     0.42     5.8
429.mcf            1.00      3116.2      2300.0   0.738      0.7381      8.80     3.90     1.2
445.gobmk          1.00      1328.0      2300.0   1.732      1.7319      1.60     0.28     2.9
456.hmmer          1.00      1072.3      2300.0   2.145      2.1449      1.10     0.18     1.4
458.sjeng          1.00      1214.5      2300.0   1.894      1.8938      1.40     0.24     1.8
462.libquantum     1.00       939.2      2300.0   2.449      2.4489      4.50     1.10     0.4
464.h264ref        1.00      1415.9      2300.0   1.624      1.6245      2.20     0.55     2.2
471.omnetpp        1.00      2368.9      2300.0   0.971      0.9709      7.20     2.60     6.5
473.astar          1.00      1497.0      2300.0   1.536      1.5364      4.10     0.95     3.3
483.xalancbmk      1.00      2138.0      2300.0   1.076      1.0758      6.50     2.10     7.2
Geomean            1.00                                      1.5182
