************************************************************************
Report : report_power -analysis_mode vectorless -hierarchy
Design : rv_ooc_core
Version: P-2019.06-SP1
Supply : 0.80 V
Default toggle rate: 0.15
Clock gating efficiency: 12.0 %
************************************************************************
Power by category (mW)
---
Combinational      11.028
Register            6.845
Clock              11.019
Memory              6.084

Hierarchical power (mW)
---
Instance                          Internal  Switching   Leakage     Total
core_top                              16.526     14.656     6.845    38.027
  core_top.u_ifu                         3.293      2.920     1.364     7.577
    core_top.u_ifu.u_bp                    0.226      0.201     0.072     0.499
    core_top.u_ifu.u_dec                   1.575      1.396     0.652     3.623
    core_top.u_ifu.u_l1i                   1.282      1.136     1.036     3.454
  core_top.u_ex                          5.045      4.474     2.090    11.608
    core_top.u_ex.gen_alu[0]               0.429      0.380     0.178     0.986
      core_top.u_ex.gen_alu[0].u_alu         0.429      0.380     0.178     0.986
    core_top.u_ex.gen_alu[1]               0.429      0.380     0.178     0.986
      core_top.u_ex.gen_alu[1].u_alu         0.429      0.380     0.178     0.986
    core_top.u_ex.u_rob                    1.853      1.643     0.588     4.084
    core_top.u_ex.u_lsq                    0.912      0.808     0.289     2.009
    core_top.u_ex.u_sched                  1.540      1.365     0.638     3.543
  core_top.u_lsu                         3.342      2.964     1.384     7.690
    core_top.u_lsu.u_dtlb                  0.787      0.698     0.326     1.812
    core_top.u_lsu.u_wb                    0.962      0.853     0.399     2.214
    core_top.u_lsu.u_l1d                   1.359      1.205     1.099     3.664
  core_top.u_l2                          3.219      2.855     1.333     7.408
    core_top.u_l2.u_adapt                  0.490      0.434     0.203     1.127
    core_top.u_l2.u_l2mem                  2.330      2.066     1.884     6.281
  core_top.u_csr                         0.262      0.233     0.109     0.604
  core_top.u_clk                         1.365      1.210     0.565     3.140
Total                                 16.526     14.656     6.845    38.027
