************************************************************************
SPECint2006 result summary (instruction-accurate core model)
Method : performance-model (sparta-based, 250M inst SimPoint)
Version: v0.9.2
************************************************************************
Benchmark        Ref IPC   Cycles(M)   Insts(M)     IPC   Ratio@1GHz  L1D MPKI  L2 MPKI  BrMisp%
---
400.perlbench      1.00      1210.5      2300.0   1.900      1.9000      1.80     0.35     3.1
401.bzip2          1.00      1586.2      2300.0   1.450      1.4500      3.90     0.60     2.6
403.gcc            1.00      1483.9      2300.0   1.550      1.5500      2.60     0.42     5.8
429.mcf            1.00      3194.4      2300.0   0.720      0.7200      8.80     3.90     1.2
445.gobmk          1.00      1352.9      2300.0   1.700      1.7000      1.60     0.28     2.9
456.hmmer          1.00      1095.2      2300.0   2.100      2.1000      1.10     0.18     1.4
458.sjeng          1.00      1243.2      2300.0   1.850      1.8500      1.40     0.24     1.8
462.libquantum     1.00       958.3      2300.0   2.400      2.4000      4.50     1.10     0.4
464.h264ref        1.00      1437.5      2300.0   1.600      1.6000      2.20     0.55     2.2
471.omnetpp        1.00      2421.1      2300.0   0.950      0.9500      7.20     2.60     6.5
473.astar          1.00      1533.3      2300.0   1.500      1.5000      4.10     0.95     3.3
483.xalancbmk      1.00      2190.5      2300.0   1.050      1.0500      6.50     2.10     7.2
Geomean            1.00                                      1.4868
