************************************************************************
Report : report_area -hierarchy
Design : rv_ooc_core
Version: T-2022.03-SP4
Library : n7_tt_0p80v_25c
Date   : 2026-08-31
************************************************************************
Hierarchical cell area (um^2)
---
Module                          Comb       Seq     Macro     Clock   Buf/Inv   Cells
core_top                  64148.7   47966.1   61733.3    7523.4    5283.6   149324
  u_ifu                     11094.0    8941.0   12540.0     695.0    1030.0    27440
    u_bp                        930.0    1705.0       0.0     155.0     310.0     2480
    u_dec                      9900.0    6840.0       0.0     540.0     720.0    14400
    u_l1i                       264.0     396.0   12540.0       0.0       0.0    10560
  u_ex                      28190.0   20638.0       0.0    1238.4    2053.6    41696
    gen_alu_0                  4312.0       0.0       0.0     196.0     392.0     3920
      u_alu                      4312.0       0.0       0.0     196.0     392.0     3920
    gen_alu_1                  4312.0       0.0       0.0     196.0     392.0     3920
      u_alu                      4312.0       0.0       0.0     196.0     392.0     3920
    u_rob                      6174.0   10584.0       0.0     352.8     529.2    14112
    u_lsq                      3472.0    4774.0       0.0     173.6     260.4     6944
    u_sched                    9920.0    5280.0       0.0     320.0     480.0    12800
  u_lsu                     11954.7    8307.1   23973.3     400.0     600.0    36188
    u_dtlb                     5400.0    3150.0       0.0     180.0     270.0     7200
    u_wb                       6050.0    4400.0       0.0     220.0     330.0     8800
    u_l1d                       504.7     757.1   23973.3       0.0       0.0    20188
  u_l2                       5860.0    2280.0   25220.0     240.0     400.0    27200
    u_adapt                    5600.0    1760.0       0.0     240.0     400.0     6400
    u_l2mem                     260.0     520.0   25220.0       0.0       0.0    20800
  u_csr                      6750.0    7200.0       0.0     450.0     600.0    12000
  u_clk                       300.0     600.0       0.0    4500.0     600.0     4800
Total                       64148.7   47966.1   61733.3    7523.4    5283.6   149324
