************************************************************************
SPECint2006 result summary (instruction-accurate core model)
Method : performance-model (sparta-based, 250M inst SimPoint)
Version: v0.9.2
************************************************************************
Benchmark        Ref IPC   Cycles(M)   Insts(M)     IPC   Ratio@1GHz  L1D MPKI  L2 MPKI  BrMisp%
---
400.perlbench      1.00      1186.8      2300.0   1.938      1.9380      1.36     0.35     3.1
401.bzip2          1.00      1467.1      2300.0   1.568      1.5677      2.96     0.60     2.6
403.gcc            1.00      1454.8      2300.0   1.581      1.5810      1.97     0.42     5.8
429.mcf            1.00      2954.5      2300.0   0.778      0.7785      6.67     3.90     1.2
445.gobmk          1.00      1326.4      2300.0   1.734      1.7340      1.21     0.28     2.9
456.hmmer          1.00      1073.8      2300.0   2.142      2.1420      0.83     0.18     1.4
458.sjeng          1.00      1218.9      2300.0   1.887      1.8870      1.06     0.24     1.8
462.libquantum     1.00       939.5      2300.0   2.448      2.4480      3.41     1.10     0.4
464.h264ref        1.00      1329.5      2300.0   1.730      1.7299      1.67     0.55     2.2
471.omnetpp        1.00      2239.2      2300.0   1.027      1.0271      5.46     2.60     6.5
473.astar          1.00      1418.2      2300.0   1.622      1.6218      3.11     0.95     3.3
483.xalancbmk      1.00      2026.0      2300.0   1.135      1.1353      4.93     2.10     7.2
Geomean            1.00                                      1.5613
