************************************************************************
SPECint2006 result summary (instruction-accurate core model)
Method : gem5 full-system cycle model (SE mode, SimPoint)
Version: v0.9.2
Date   : 2026-07-06
************************************************************************
Benchmark        Ref IPC   Cycles(M)   Insts(M)     IPC   Ratio@1GHz  L1D MPKI  L2 MPKI  BrMisp%
---
400.perlbench      1.00      1181.1      2300.0   1.947      1.9474      1.80     0.35     3.1
401.bzip2          1.00      1550.8      2300.0   1.483      1.4831      3.90     0.60     2.6
403.gcc            1.00      1454.6      2300.0   1.581      1.5812      2.60     0.42     5.8
429.mcf            1.00      3131.0      2300.0   0.735      0.7346      8.80     3.90     1.2
445.gobmk          1.00      1321.0      2300.0   1.741      1.7411      1.60     0.28     2.9
456.hmmer          1.00      1070.7      2300.0   2.148      2.1482      1.10     0.18     1.4
458.sjeng          1.00      1217.1      2300.0   1.890      1.8898      1.40     0.24     1.8
462.libquantum     1.00       943.2      2300.0   2.439      2.4386      4.50     1.10     0.4
464.h264ref        1.00      1408.1      2300.0   1.633      1.6334      2.20     0.55     2.2
471.omnetpp        1.00      2363.8      2300.0   0.973      0.9730      7.20     2.60     6.5
473.astar          1.00      1510.4      2300.0   1.523      1.5228      4.10     0.95     3.3
483.xalancbmk      1.00      2140.0      2300.0   1.075      1.0748      6.50     2.10     7.2
Geomean            1.00                                      1.5186
