************************************************************************
Report : report_power -analysis_mode vectorless -hierarchy
Design : rv_ooc_core
Version: P-2019.06-SP1
Date   : 2026-07-20
Supply : 0.80 V
Default toggle rate: 0.15
Clock gating efficiency: 78.0 %
************************************************************************
Power by category (mW)
---
Combinational      11.409
Register            7.416
Clock               6.745
Memory              9.698

Hierarchical power (mW)
---
Instance                          Internal  Switching   Leakage     Total
core_top                              16.165     14.335     4.768    35.269
  core_top.u_ifu                         2.437      2.161     0.719     5.318
    core_top.u_ifu.u_bp                    0.165      0.146     0.038     0.349
    core_top.u_ifu.u_dec                   1.165      1.033     0.344     2.541
    core_top.u_ifu.u_l1i                   1.026      0.909     0.492     2.427
  core_top.u_ex                          5.595      4.961     1.650    12.206
    core_top.u_ex.gen_alu[0]               0.316      0.280     0.093     0.689
      core_top.u_ex.gen_alu[0].u_alu         0.316      0.280     0.093     0.689
    core_top.u_ex.gen_alu[1]               0.316      0.280     0.093     0.690
      core_top.u_ex.gen_alu[1].u_alu         0.316      0.280     0.093     0.690
    core_top.u_ex.u_rob                    1.345      1.193     0.308     2.847
    core_top.u_ex.u_lsq                    0.666      0.591     0.152     1.409
    core_top.u_ex.u_sched                  1.134      1.006     0.335     2.474
    core_top.u_ex.u_mul                    0.837      0.742     0.247     1.826
    core_top.u_ex.u_byp                    1.041      0.924     0.307     2.272
  core_top.u_lsu                         2.464      2.185     0.727     5.375
    core_top.u_lsu.u_dtlb                  0.580      0.515     0.171     1.266
    core_top.u_lsu.u_wb                    0.709      0.629     0.209     1.547
    core_top.u_lsu.u_l1d                   1.083      0.960     0.520     2.563
  core_top.u_l2                          2.384      2.114     0.703     5.201
    core_top.u_l2.u_adapt                  0.362      0.321     0.107     0.790
    core_top.u_l2.u_l2mem                  1.785      1.583     1.044     4.411
  core_top.u_csr                         0.194      0.172     0.057     0.423
  core_top.u_clk                         3.092      2.742     0.912     6.745
Total                                 16.165     14.335     4.768    35.269
