************************************************************************
Report : report_area -hierarchy
Design : rv_ooc_core
Version: T-2022.03-SP4
Library : n7_tt_0p80v_25c
Date   : 2026-07-20
************************************************************************
Hierarchical cell area (um^2)
---
Module                          Comb       Seq     Macro     Clock   Buf/Inv   Cells
core_top                  84366.5   52580.2   51201.8    8208.8    6284.5   162113
  u_ifu                     11117.1    8958.2   12593.0     696.2    1031.7    27516
    u_bp                        930.3    1705.6       0.0     155.1     310.1     2480
    u_dec                      9921.6    6854.9       0.0     541.2     721.6    14431
    u_l1i                       265.1     397.7   12593.0       0.0       0.0    10604
  u_ex                      48613.3   25576.7       0.0    1932.9    3054.1    63341
    gen_alu_0                  4303.8       0.0       0.0     195.6     391.3     3912
      u_alu                      4303.8       0.0       0.0     195.6     391.3     3912
    gen_alu_1                  4309.9       0.0       0.0     195.9     391.8     3918
      u_alu                      4309.9       0.0       0.0     195.9     391.8     3918
    u_rob                      6150.7   10544.1       0.0     351.5     527.2    14058
    u_lsq                      3478.9    4783.4       0.0     173.9     260.9     6957
    u_sched                    9900.5    5269.6       0.0     319.4     479.1    12774
    u_mul                      8485.8    2828.6       0.0     235.7     235.7     9428
    u_byp                     11983.8    2150.9       0.0     460.9     768.2    12291
  u_lsu                     11713.5    7958.9   13294.8     399.4     599.1    27172
    u_dtlb                     5393.4    3146.2       0.0     179.8     269.7     7191
    u_wb                       6040.2    4392.9       0.0     219.6     329.5     8785
    u_l1d                       279.9     419.8   13294.8       0.0       0.0    11195
  u_l2                       5870.6    2285.0   25314.1     240.4     400.7    27288
    u_adapt                    5609.7    1763.0       0.0     240.4     400.7     6411
    u_l2mem                     261.0     521.9   25314.1       0.0       0.0    20877
  u_csr                      6752.7    7202.8       0.0     450.2     600.2    12004
  u_clk                       299.3     598.6       0.0    4489.6     598.6     4788
Total                       84366.5   52580.2   51201.8    8208.8    6284.5   162113
die_total                  156402.4   89840.1   51201.8    8208.8   21188.5   261473
