************************************************************************
SPECint2006 result summary (instruction-accurate core model)
Method : performance-model (sparta-based, 250M inst SimPoint)
Version: v0.9.2
Date   : 2026-07-20
************************************************************************
Benchmark        Ref IPC   Cycles(M)   Insts(M)     IPC   Ratio@1GHz  L1D MPKI  L2 MPKI  BrMisp%
---
400.perlbench      1.00      1211.3      2300.0   1.899      1.8988      1.80     0.35     3.1
401.bzip2          1.00      1582.1      2300.0   1.454      1.4538      3.90     0.60     2.6
403.gcc            1.00      1479.9      2300.0   1.554      1.5542      2.60     0.42     5.8
429.mcf            1.00      3182.2      2300.0   0.723      0.7228      8.80     3.90     1.2
445.gobmk          1.00      1356.3      2300.0   1.696      1.6958      1.60     0.28     2.9
456.hmmer          1.00      1098.5      2300.0   2.094      2.0937      1.10     0.18     1.4
458.sjeng          1.00      1240.1      2300.0   1.855      1.8547      1.40     0.24     1.8
462.libquantum     1.00       962.7      2300.0   2.389      2.3890      4.50     1.10     0.4
464.h264ref        1.00      1443.6      2300.0   1.593      1.5932      2.20     0.55     2.2
471.omnetpp        1.00      2411.4      2300.0   0.954      0.9538      7.20     2.60     6.5
473.astar          1.00      1528.6      2300.0   1.505      1.5046      4.10     0.95     3.3
483.xalancbmk      1.00      2191.1      2300.0   1.050      1.0497      6.50     2.10     7.2
Geomean            1.00                                      1.4872
