************************************************************************
SPECint2006 result summary (instruction-accurate core model)
Method : gem5 full-system cycle model (SE mode, SimPoint)
Version: v0.9.2
Date   : 2026-06-29
************************************************************************
Benchmark        Ref IPC   Cycles(M)   Insts(M)     IPC   Ratio@1GHz  L1D MPKI  L2 MPKI  BrMisp%
---
400.perlbench      1.00      1190.6      2300.0   1.932      1.9317      1.80     0.35     3.1
401.bzip2          1.00      1561.2      2300.0   1.473      1.4733      3.90     0.60     2.6
403.gcc            1.00      1456.6      2300.0   1.579      1.5790      2.60     0.42     5.8
429.mcf            1.00      3130.2      2300.0   0.735      0.7348      8.80     3.90     1.2
445.gobmk          1.00      1323.7      2300.0   1.738      1.7376      1.60     0.28     2.9
456.hmmer          1.00      1075.2      2300.0   2.139      2.1392      1.10     0.18     1.4
458.sjeng          1.00      1223.0      2300.0   1.881      1.8806      1.40     0.24     1.8
462.libquantum     1.00       941.8      2300.0   2.442      2.4420      4.50     1.10     0.4
464.h264ref        1.00      1416.1      2300.0   1.624      1.6242      2.20     0.55     2.2
471.omnetpp        1.00      2384.0      2300.0   0.965      0.9648      7.20     2.60     6.5
473.astar          1.00      1505.3      2300.0   1.528      1.5280      4.10     0.95     3.3
483.xalancbmk      1.00      2143.2      2300.0   1.073      1.0732      6.50     2.10     7.2
Geomean            1.00                                      1.5138
