************************************************************************
SPECint2006 result summary (instruction-accurate core model)
Method : gem5 full-system cycle model (SE mode, SimPoint)
Version: v0.9.2
Date   : 2026-05-04
************************************************************************
Benchmark        Ref IPC   Cycles(M)   Insts(M)     IPC   Ratio@1GHz  L1D MPKI  L2 MPKI  BrMisp%
---
400.perlbench      1.00      1187.2      2300.0   1.937      1.9373      1.80     0.35     3.1
401.bzip2          1.00      1562.2      2300.0   1.472      1.4723      3.90     0.60     2.6
403.gcc            1.00      1454.5      2300.0   1.581      1.5813      2.60     0.42     5.8
429.mcf            1.00      3145.3      2300.0   0.731      0.7313      8.80     3.90     1.2
445.gobmk          1.00      1328.7      2300.0   1.731      1.7311      1.60     0.28     2.9
456.hmmer          1.00      1077.7      2300.0   2.134      2.1341      1.10     0.18     1.4
458.sjeng          1.00      1213.5      2300.0   1.895      1.8953      1.40     0.24     1.8
462.libquantum     1.00       936.5      2300.0   2.456      2.4561      4.50     1.10     0.4
464.h264ref        1.00      1407.7      2300.0   1.634      1.6338      2.20     0.55     2.2
471.omnetpp        1.00      2375.5      2300.0   0.968      0.9682      7.20     2.60     6.5
473.astar          1.00      1503.4      2300.0   1.530      1.5298      4.10     0.95     3.3
483.xalancbmk      1.00      2146.1      2300.0   1.072      1.0717      6.50     2.10     7.2
Geomean            1.00                                      1.5158
