************************************************************************
SPECint2006 result summary (instruction-accurate core model)
Method : gem5 full-system cycle model (SE mode, SimPoint)
Version: v0.9.2
Date   : 2026-07-13
************************************************************************
Benchmark        Ref IPC   Cycles(M)   Insts(M)     IPC   Ratio@1GHz  L1D MPKI  L2 MPKI  BrMisp%
---
400.perlbench      1.00      1182.4      2300.0   1.945      1.9453      1.80     0.35     3.1
401.bzip2          1.00      1555.1      2300.0   1.479      1.4790      3.90     0.60     2.6
403.gcc            1.00      1453.9      2300.0   1.582      1.5820      2.60     0.42     5.8
429.mcf            1.00      3143.3      2300.0   0.732      0.7317      8.80     3.90     1.2
445.gobmk          1.00      1323.1      2300.0   1.738      1.7383      1.60     0.28     2.9
456.hmmer          1.00      1074.3      2300.0   2.141      2.1410      1.10     0.18     1.4
458.sjeng          1.00      1216.0      2300.0   1.891      1.8914      1.40     0.24     1.8
462.libquantum     1.00       935.1      2300.0   2.460      2.4597      4.50     1.10     0.4
464.h264ref        1.00      1404.9      2300.0   1.637      1.6371      2.20     0.55     2.2
471.omnetpp        1.00      2377.1      2300.0   0.968      0.9676      7.20     2.60     6.5
473.astar          1.00      1508.8      2300.0   1.524      1.5244      4.10     0.95     3.3
483.xalancbmk      1.00      2139.9      2300.0   1.075      1.0748      6.50     2.10     7.2
Geomean            1.00                                      1.5180
