************************************************************************
Report : report_area -hierarchy
Design : rv_ooc_core
Version: T-2022.03-SP4
Library : n7_tt_0p80v_25c
Date   : 2026-06-01
************************************************************************
Hierarchical cell area (um^2)
---
Module                          Comb       Seq     Macro     Clock   Buf/Inv   Cells
core_top                  84379.3   52527.0   50964.1    8219.4    6287.4   161901
  u_ifu                     11096.5    8948.7   12582.8     695.6    1031.3    27483
    u_bp                        934.6    1713.4       0.0     155.8     311.5     2492
    u_dec                      9897.1    6838.0       0.0     539.8     719.8    14395
    u_l1i                       264.9     397.4   12582.8       0.0       0.0    10596
  u_ex                      48709.7   25569.2       0.0    1936.3    3060.4    63420
    gen_alu_0                  4303.3       0.0       0.0     195.6     391.2     3912
      u_alu                      4303.3       0.0       0.0     195.6     391.2     3912
    gen_alu_1                  4326.3       0.0       0.0     196.6     393.3     3932
      u_alu                      4326.3       0.0       0.0     196.6     393.3     3932
    u_rob                      6144.2   10533.0       0.0     351.1     526.6    14043
    u_lsq                      3456.7    4752.9       0.0     172.8     259.2     6913
    u_sched                    9951.6    5296.8       0.0     321.0     481.5    12840
    u_mul                      8463.5    2821.2       0.0     235.1     235.1     9403
    u_byp                     12064.0    2165.3       0.0     464.0     773.3    12373
  u_lsu                     11701.1    7949.4   13248.3     399.0     598.5    27117
    u_dtlb                     5391.2    3144.9       0.0     179.7     269.6     7188
    u_wb                       6031.0    4386.2       0.0     219.3     329.0     8772
    u_l1d                       278.9     418.4   13248.3       0.0       0.0    11156
  u_l2                       5831.2    2269.4   25133.1     238.8     398.0    27096
    u_adapt                    5572.0    1751.2       0.0     238.8     398.0     6368
    u_l2mem                     259.1     518.2   25133.1       0.0       0.0    20728
  u_csr                      6740.8    7190.2       0.0     449.4     599.2    11983
  u_clk                       300.0     600.0       0.0    4500.2     600.0     4800
Total                       84379.3   52527.0   50964.1    8219.4    6287.4   161901
die_total                  156321.1   89738.2   50964.1    8219.4   21171.9   261131
