************************************************************************
SPECint2006 result summary (instruction-accurate core model)
Method : performance-model (sparta-based, 250M inst SimPoint)
Version: v0.9.2
Date   : 2026-06-01
************************************************************************
Benchmark        Ref IPC   Cycles(M)   Insts(M)     IPC   Ratio@1GHz  L1D MPKI  L2 MPKI  BrMisp%
---
400.perlbench      1.00      1208.5      2300.0   1.903      1.9031      1.80     0.35     3.1
401.bzip2          1.00      1589.4      2300.0   1.447      1.4471      3.90     0.60     2.6
403.gcc            1.00      1476.9      2300.0   1.557      1.5573      2.60     0.42     5.8
429.mcf            1.00      3210.4      2300.0   0.716      0.7164      8.80     3.90     1.2
445.gobmk          1.00      1355.0      2300.0   1.697      1.6974      1.60     0.28     2.9
456.hmmer          1.00      1100.4      2300.0   2.090      2.0902      1.10     0.18     1.4
458.sjeng          1.00      1240.5      2300.0   1.854      1.8541      1.40     0.24     1.8
462.libquantum     1.00       960.4      2300.0   2.395      2.3947      4.50     1.10     0.4
464.h264ref        1.00      1444.4      2300.0   1.592      1.5924      2.20     0.55     2.2
471.omnetpp        1.00      2413.1      2300.0   0.953      0.9531      7.20     2.60     6.5
473.astar          1.00      1534.3      2300.0   1.499      1.4990      4.10     0.95     3.3
483.xalancbmk      1.00      2180.8      2300.0   1.055      1.0547      6.50     2.10     7.2
Geomean            1.00                                      1.4862
