************************************************************************
SPECint2006 result summary (instruction-accurate core model)
Method : gem5 full-system cycle model (SE mode, SimPoint)
Version: v0.9.2
Date   : 2026-06-22
************************************************************************
Benchmark        Ref IPC   Cycles(M)   Insts(M)     IPC   Ratio@1GHz  L1D MPKI  L2 MPKI  BrMisp%
---
400.perlbench      1.00      1185.2      2300.0   1.941      1.9406      1.80     0.35     3.1
401.bzip2          1.00      1553.5      2300.0   1.481      1.4806      3.90     0.60     2.6
403.gcc            1.00      1459.9      2300.0   1.575      1.5755      2.60     0.42     5.8
429.mcf            1.00      3125.6      2300.0   0.736      0.7359      8.80     3.90     1.2
445.gobmk          1.00      1327.0      2300.0   1.733      1.7332      1.60     0.28     2.9
456.hmmer          1.00      1071.1      2300.0   2.147      2.1473      1.10     0.18     1.4
458.sjeng          1.00      1220.8      2300.0   1.884      1.8839      1.40     0.24     1.8
462.libquantum     1.00       936.6      2300.0   2.456      2.4558      4.50     1.10     0.4
464.h264ref        1.00      1409.1      2300.0   1.632      1.6323      2.20     0.55     2.2
471.omnetpp        1.00      2371.0      2300.0   0.970      0.9700      7.20     2.60     6.5
473.astar          1.00      1501.6      2300.0   1.532      1.5317      4.10     0.95     3.3
483.xalancbmk      1.00      2144.6      2300.0   1.072      1.0725      6.50     2.10     7.2
Geomean            1.00                                      1.5176
