************************************************************************
SPECint2006 result summary (instruction-accurate core model)
Method : gem5 full-system cycle model (SE mode, SimPoint)
Version: v0.9.2
Date   : 2026-06-08
************************************************************************
Benchmark        Ref IPC   Cycles(M)   Insts(M)     IPC   Ratio@1GHz  L1D MPKI  L2 MPKI  BrMisp%
---
400.perlbench      1.00      1188.8      2300.0   1.935      1.9348      1.80     0.35     3.1
401.bzip2          1.00      1555.6      2300.0   1.479      1.4785      3.90     0.60     2.6
403.gcc            1.00      1454.3      2300.0   1.582      1.5815      2.60     0.42     5.8
429.mcf            1.00      3123.8      2300.0   0.736      0.7363      8.80     3.90     1.2
445.gobmk          1.00      1329.1      2300.0   1.731      1.7305      1.60     0.28     2.9
456.hmmer          1.00      1068.5      2300.0   2.153      2.1526      1.10     0.18     1.4
458.sjeng          1.00      1219.4      2300.0   1.886      1.8862      1.40     0.24     1.8
462.libquantum     1.00       941.1      2300.0   2.444      2.4441      4.50     1.10     0.4
464.h264ref        1.00      1409.1      2300.0   1.632      1.6323      2.20     0.55     2.2
471.omnetpp        1.00      2366.2      2300.0   0.972      0.9720      7.20     2.60     6.5
473.astar          1.00      1506.9      2300.0   1.526      1.5263      4.10     0.95     3.3
483.xalancbmk      1.00      2157.8      2300.0   1.066      1.0659      6.50     2.10     7.2
Geomean            1.00                                      1.5162
