************************************************************************
Report : report_power -analysis_mode vectorless -hierarchy
Design : rv_ooc_core
Version: P-2019.06-SP1
Supply : 0.80 V
Default toggle rate: 0.15
Clock gating efficiency: 78.0 %
************************************************************************
Power by category (mW)
---
Combinational      10.705
Register            6.645
Clock               7.167
Memory              5.906

Hierarchical power (mW)
---
Instance                          Internal  Switching   Leakage     Total
core_top                              16.043     14.227     6.645    36.915
  core_top.u_ifu                         2.857      2.534     1.183     6.574
    core_top.u_ifu.u_bp                    0.197      0.174     0.062     0.433
    core_top.u_ifu.u_dec                   1.366      1.212     0.566     3.144
    core_top.u_ifu.u_l1i                   1.112      0.986     0.899     2.997
  core_top.u_ex                          6.081      5.393     2.519    13.993
    core_top.u_ex.gen_alu[0]               0.372      0.330     0.154     0.856
      core_top.u_ex.gen_alu[0].u_alu         0.372      0.330     0.154     0.856
    core_top.u_ex.gen_alu[1]               0.372      0.330     0.154     0.856
      core_top.u_ex.gen_alu[1].u_alu         0.372      0.330     0.154     0.856
    core_top.u_ex.u_rob                    2.832      2.512     0.899     6.243
    core_top.u_ex.u_lsq                    1.345      1.193     0.427     2.965
    core_top.u_ex.u_sched                  1.336      1.185     0.553     3.074
  core_top.u_lsu                         2.900      2.571     1.201     6.672
    core_top.u_lsu.u_dtlb                  0.683      0.606     0.283     1.572
    core_top.u_lsu.u_wb                    0.835      0.740     0.346     1.921
    core_top.u_lsu.u_l1d                   1.179      1.046     0.954     3.179
  core_top.u_l2                          2.793      2.477     1.157     6.427
    core_top.u_l2.u_adapt                  0.425      0.377     0.176     0.978
    core_top.u_l2.u_l2mem                  2.022      1.793     1.635     5.449
  core_top.u_csr                         0.228      0.202     0.094     0.524
  core_top.u_clk                         1.184      1.050     0.490     2.725
Total                                 16.043     14.227     6.645    36.915
