************************************************************************
Report : report_timing -summary -max_paths 200
Design : rv_ooc_core
Version: T-2022.03-SP4
Date   : 2026-08-31
************************************************************************
Clock clk  period 1.20 ns

Path Group      WNS (ns)    TNS (ns)   NVE    Fmax (MHz)
---
reg2reg            0.044        0.00      3        865.1
in2reg             0.124        0.00      0        929.4
reg2out            0.164        0.00      0        965.3
cg_hold            0.050        0.00      0          0.0
Total              0.044        0.00      3        865.1

Setup slack histogram (ns, endpoint count)
---
[ -0.21]      2
[ -0.16]      4
[ -0.11]      9
[ -0.06]     14
[ -0.01]     28
[  0.04]     41
[  0.09]     63
[  0.14]     95
[  0.19]    130
[  0.24]     88
[  0.29]     60
[  0.34]     37
[  0.44]     21
[  0.54]     12
[  0.64]      5

Top violating paths (setup, clock clk)
---
Path 1
  Startpoint: core_top/u_ex/u_rob/u_sched/issue_rdy_q_reg[7]
  Endpoint:   core_top/u_ex/gen_alu_0/u_alu/cmp_nxt_a
  Path Group: reg2reg
  Logic Depth: 34
  Slack: 0.044 ns
  Arrival: 1.156 ns   Required: 1.200 ns
Path 2
  Startpoint: core_top/u_ex/u_rob/u_sched/sel_grant_q_reg[3]
  Endpoint:   core_top/u_ex/gen_alu_1/u_alu/cmp_nxt_b
  Path Group: reg2reg
  Logic Depth: 31
  Slack: 0.056 ns
  Arrival: 1.144 ns   Required: 1.200 ns
Path 3
  Startpoint: core_top/u_ex/u_lsq/u_wakeup/cam_hit_q_reg[11]
  Endpoint:   core_top/u_ex/u_lsq/u_wakeup/load_wakeup_l
  Path Group: reg2reg
  Logic Depth: 29
  Slack: 0.065 ns
  Arrival: 1.135 ns   Required: 1.200 ns
Path 4
  Startpoint: core_top/u_ifu/u_bp/btb_hit_q_reg[5]
  Endpoint:   core_top/u_ifu/u_dec/u_rename/dest_map_q_reg[19]
  Path Group: reg2reg
  Logic Depth: 27
  Slack: 0.077 ns
  Arrival: 1.123 ns   Required: 1.200 ns
Path 5
  Startpoint: core_top/u_lsu/u_dtlb/pte_tag_q_reg[2]
  Endpoint:   core_top/u_lsu/u_wb/wb_arb_grant_l
  Path Group: reg2reg
  Logic Depth: 25
  Slack: 0.088 ns
  Arrival: 1.112 ns   Required: 1.200 ns
Path 6
  Startpoint: core_top/u_ifu/u_dec/u_scan/insn_buf_q_reg[8]
  Endpoint:   core_top/u_ifu/u_dec/u_scan/u_deco/illegal_insn
  Path Group: reg2reg
  Logic Depth: 22
  Slack: 0.102 ns
  Arrival: 1.098 ns   Required: 1.200 ns
Path 7
  Startpoint: core_top/u_l2/u_adapt/rsp_buf_q_reg[4]
  Endpoint:   core_top/u_l2/u_adapt/req_issue_l
  Path Group: reg2reg
  Logic Depth: 20
  Slack: 0.115 ns
  Arrival: 1.085 ns   Required: 1.200 ns
