************************************************************************
SPECint2006 result summary (instruction-accurate core model)
Method : performance-model (sparta-based, 250M inst SimPoint)
Version: v0.9.2
************************************************************************
Benchmark        Ref IPC   Cycles(M)   Insts(M)     IPC   Ratio@1GHz  L1D MPKI  L2 MPKI  BrMisp%
---
400.perlbench      1.00      1147.4      2300.0   2.004      2.0045      1.80     0.35     3.1
401.bzip2          1.00      1503.5      2300.0   1.530      1.5297      3.90     0.60     2.6
403.gcc            1.00      1406.5      2300.0   1.635      1.6352      2.60     0.42     5.8
429.mcf            1.00      3027.9      2300.0   0.760      0.7596      8.80     3.90     1.2
445.gobmk          1.00      1282.4      2300.0   1.793      1.7935      1.60     0.28     2.9
456.hmmer          1.00      1038.1      2300.0   2.216      2.2155      1.10     0.18     1.4
458.sjeng          1.00      1178.4      2300.0   1.952      1.9517      1.40     0.24     1.8
462.libquantum     1.00       908.4      2300.0   2.532      2.5320      4.50     1.10     0.4
464.h264ref        1.00      1362.6      2300.0   1.688      1.6880      2.20     0.55     2.2
471.omnetpp        1.00      2294.8      2300.0   1.002      1.0022      7.20     2.60     6.5
473.astar          1.00      1453.4      2300.0   1.583      1.5825      4.10     0.95     3.3
483.xalancbmk      1.00      2076.3      2300.0   1.108      1.1078      6.50     2.10     7.2
Geomean            1.00                                      1.5685
