************************************************************************
Report : report_timing -summary -max_paths 200
Design : rv_ooc_core
Version: T-2022.03-SP4
Date   : 2026-08-31
************************************************************************
Clock clk  period 1.20 ns

Path Group      WNS (ns)    TNS (ns)   NVE    Fmax (MHz)
---
reg2reg            0.055        0.00      3        873.4
in2reg             0.135        0.00      0        939.0
reg2out            0.175        0.00      0        975.6
cg_hold            0.050        0.00      0          0.0
Total              0.050        0.00      3        873.4

Setup slack histogram (ns, endpoint count)
---
[ -0.20]      2
[ -0.15]      4
[ -0.10]      9
[ -0.05]     14
[  0.00]     28
[  0.06]     41
[  0.11]     63
[  0.15]     95
[  0.20]    130
[  0.26]     88
[  0.30]     60
[  0.35]     37
[  0.46]     21
[  0.56]     12
[  0.66]      5

Top violating paths (setup, clock clk)
---
Path 1
  Startpoint: core_top/u_ex/u_rob/u_sched/issue_rdy_q_reg[7]
  Endpoint:   core_top/u_ex/gen_alu_0/u_alu/cmp_nxt_a
  Path Group: reg2reg
  Logic Depth: 34
  Slack: 0.055 ns
  Arrival: 1.145 ns   Required: 1.200 ns
Path 2
  Startpoint: core_top/u_ex/u_rob/u_sched/sel_grant_q_reg[3]
  Endpoint:   core_top/u_ex/gen_alu_1/u_alu/cmp_nxt_b
  Path Group: reg2reg
  Logic Depth: 31
  Slack: 0.067 ns
  Arrival: 1.133 ns   Required: 1.200 ns
Path 3
  Startpoint: core_top/u_ex/u_lsq/u_wakeup/cam_hit_q_reg[11]
  Endpoint:   core_top/u_ex/u_lsq/u_wakeup/load_wakeup_l
  Path Group: reg2reg
  Logic Depth: 29
  Slack: 0.076 ns
  Arrival: 1.124 ns   Required: 1.200 ns
Path 4
  Startpoint: core_top/u_ifu/u_bp/btb_hit_q_reg[5]
  Endpoint:   core_top/u_ifu/u_dec/u_rename/dest_map_q_reg[19]
  Path Group: reg2reg
  Logic Depth: 27
  Slack: 0.088 ns
  Arrival: 1.112 ns   Required: 1.200 ns
Path 5
  Startpoint: core_top/u_lsu/u_dtlb/pte_tag_q_reg[2]
  Endpoint:   core_top/u_lsu/u_wb/wb_arb_grant_l
  Path Group: reg2reg
  Logic Depth: 25
  Slack: 0.099 ns
  Arrival: 1.101 ns   Required: 1.200 ns
Path 6
  Startpoint: core_top/u_ifu/u_dec/u_scan/insn_buf_q_reg[8]
  Endpoint:   core_top/u_ifu/u_dec/u_scan/u_deco/illegal_insn
  Path Group: reg2reg
  Logic Depth: 22
  Slack: 0.113 ns
  Arrival: 1.087 ns   Required: 1.200 ns
Path 7
  Startpoint: core_top/u_l2/u_adapt/rsp_buf_q_reg[4]
  Endpoint:   core_top/u_l2/u_adapt/req_issue_l
  Path Group: reg2reg
  Logic Depth: 20
  Slack: 0.126 ns
  Arrival: 1.074 ns   Required: 1.200 ns
