************************************************************************
SPECint2006 result summary (instruction-accurate core model)
Method : performance-model (sparta-based, 250M inst SimPoint)
Version: v0.9.2
************************************************************************
Benchmark        Ref IPC   Cycles(M)   Insts(M)     IPC   Ratio@1GHz  L1D MPKI  L2 MPKI  BrMisp%
---
400.perlbench      1.00      1182.2      2300.0   1.946      1.9456      1.80     0.35     3.1
401.bzip2          1.00      1549.0      2300.0   1.485      1.4848      3.90     0.60     2.6
403.gcc            1.00      1367.1      2300.0   1.682      1.6824      2.60     0.42     5.8
429.mcf            1.00      3119.6      2300.0   0.737      0.7373      8.80     3.90     1.2
445.gobmk          1.00      1321.2      2300.0   1.741      1.7408      1.60     0.28     2.9
456.hmmer          1.00      1069.6      2300.0   2.150      2.1504      1.10     0.18     1.4
458.sjeng          1.00      1214.1      2300.0   1.894      1.8944      1.40     0.24     1.8
462.libquantum     1.00       935.9      2300.0   2.458      2.4576      4.50     1.10     0.4
464.h264ref        1.00      1403.8      2300.0   1.638      1.6384      2.20     0.55     2.2
471.omnetpp        1.00      2364.3      2300.0   0.973      0.9728      7.20     2.60     6.5
473.astar          1.00      1497.4      2300.0   1.536      1.5360      4.10     0.95     3.3
483.xalancbmk      1.00      2139.1      2300.0   1.075      1.0752      6.50     2.10     7.2
Geomean            1.00                                      1.5299
