************************************************************************
Report : report_power -analysis_mode vectorless -hierarchy
Design : rv_ooc_core
Version: P-2019.06-SP1
Supply : 0.80 V
Default toggle rate: 0.15
Clock gating efficiency: 78.0 %
************************************************************************
Power by category (mW)
---
Combinational      11.743
Register            7.289
Clock               7.887
Memory              6.479

Hierarchical power (mW)
---
Instance                          Internal  Switching   Leakage     Total
core_top                              17.598     15.606     7.289    40.492
  core_top.u_ifu                         3.065      2.718     1.269     7.053
    core_top.u_ifu.u_bp                    0.211      0.187     0.067     0.465
    core_top.u_ifu.u_dec                   1.466      1.300     0.607     3.373
    core_top.u_ifu.u_l1i                   1.193      1.058     0.965     3.215
  core_top.u_ex                          6.911      6.128     2.862    15.902
    core_top.u_ex.gen_alu[0]               1.506      1.336     0.624     3.466
      core_top.u_ex.gen_alu[0].u_alu         1.506      1.336     0.624     3.466
    core_top.u_ex.gen_alu[1]               1.506      1.336     0.624     3.466
      core_top.u_ex.gen_alu[1].u_alu         1.506      1.336     0.624     3.466
    core_top.u_ex.u_rob                    1.724      1.529     0.547     3.801
    core_top.u_ex.u_lsq                    0.849      0.752     0.269     1.870
    core_top.u_ex.u_sched                  1.433      1.271     0.594     3.298
  core_top.u_lsu                         3.111      2.758     1.288     7.157
    core_top.u_lsu.u_dtlb                  0.733      0.650     0.304     1.686
    core_top.u_lsu.u_wb                    0.896      0.794     0.371     2.061
    core_top.u_lsu.u_l1d                   1.265      1.122     1.023     3.410
  core_top.u_l2                          2.997      2.657     1.241     6.895
    core_top.u_l2.u_adapt                  0.456      0.404     0.189     1.049
    core_top.u_l2.u_l2mem                  2.169      1.923     1.754     5.846
  core_top.u_csr                         0.244      0.217     0.101     0.562
  core_top.u_clk                         1.270      1.127     0.526     2.923
Total                                 17.598     15.606     7.289    40.492
