************************************************************************
Report : report_timing -summary -max_paths 200
Design : rv_ooc_core
Version: T-2022.03-SP4
Date   : 2026-08-31
************************************************************************
Clock clk  period 1.20 ns

Path Group      WNS (ns)    TNS (ns)   NVE    Fmax (MHz)
---
reg2reg           -0.001        0.14     96        832.6
in2reg             0.079        0.00      0        892.1
reg2out            0.119        0.00      0        925.1
cg_hold            0.050        0.00      0          0.0
Total             -0.001        0.14     96        832.6

Setup slack histogram (ns, endpoint count)
---
[ -0.25]      2
[ -0.20]      4
[ -0.15]      9
[ -0.10]     14
[ -0.05]     28
[ -0.00]     41
[  0.05]     63
[  0.10]     95
[  0.15]    130
[  0.20]     88
[  0.25]     60
[  0.30]     37
[  0.40]     21
[  0.50]     12
[  0.60]      5

Top violating paths (setup, clock clk)
---
Path 1
  Startpoint: core_top/u_ex/u_rob/u_sched/issue_rdy_q_reg[7]
  Endpoint:   core_top/u_ex/gen_alu_0/u_alu/cmp_nxt_a
  Path Group: reg2reg
  Logic Depth: 34
  Slack: -0.001 ns (VIOLATED)
  Arrival: 1.201 ns   Required: 1.200 ns
Path 2
  Startpoint: core_top/u_ex/u_rob/u_sched/sel_grant_q_reg[3]
  Endpoint:   core_top/u_ex/gen_alu_1/u_alu/cmp_nxt_b
  Path Group: reg2reg
  Logic Depth: 31
  Slack: 0.011 ns
  Arrival: 1.189 ns   Required: 1.200 ns
Path 3
  Startpoint: core_top/u_ex/u_lsq/u_wakeup/cam_hit_q_reg[11]
  Endpoint:   core_top/u_ex/u_lsq/u_wakeup/load_wakeup_l
  Path Group: reg2reg
  Logic Depth: 29
  Slack: 0.020 ns
  Arrival: 1.180 ns   Required: 1.200 ns
Path 4
  Startpoint: core_top/u_ifu/u_bp/btb_hit_q_reg[5]
  Endpoint:   core_top/u_ifu/u_dec/u_rename/dest_map_q_reg[19]
  Path Group: reg2reg
  Logic Depth: 27
  Slack: 0.032 ns
  Arrival: 1.168 ns   Required: 1.200 ns
Path 5
  Startpoint: core_top/u_lsu/u_dtlb/pte_tag_q_reg[2]
  Endpoint:   core_top/u_lsu/u_wb/wb_arb_grant_l
  Path Group: reg2reg
  Logic Depth: 25
  Slack: 0.043 ns
  Arrival: 1.157 ns   Required: 1.200 ns
Path 6
  Startpoint: core_top/u_ifu/u_dec/u_scan/insn_buf_q_reg[8]
  Endpoint:   core_top/u_ifu/u_dec/u_scan/u_deco/illegal_insn
  Path Group: reg2reg
  Logic Depth: 22
  Slack: 0.057 ns
  Arrival: 1.143 ns   Required: 1.200 ns
Path 7
  Startpoint: core_top/u_l2/u_adapt/rsp_buf_q_reg[4]
  Endpoint:   core_top/u_l2/u_adapt/req_issue_l
  Path Group: reg2reg
  Logic Depth: 20
  Slack: 0.070 ns
  Arrival: 1.130 ns   Required: 1.200 ns
