************************************************************************
SPECint2006 result summary (instruction-accurate core model)
Method : performance-model (sparta-based, 250M inst SimPoint)
Version: v0.9.2
************************************************************************
Benchmark        Ref IPC   Cycles(M)   Insts(M)     IPC   Ratio@1GHz  L1D MPKI  L2 MPKI  BrMisp%
---
400.perlbench      1.00      1142.0      2300.0   2.014      2.0140      1.80     0.35     3.1
401.bzip2          1.00      1496.4      2300.0   1.537      1.5370      3.90     0.60     2.6
403.gcc            1.00      1399.9      2300.0   1.643      1.6430      2.60     0.42     5.8
429.mcf            1.00      3013.6      2300.0   0.763      0.7632      8.80     3.90     1.2
445.gobmk          1.00      1276.4      2300.0   1.802      1.8020      1.60     0.28     2.9
456.hmmer          1.00      1013.0      2300.0   2.271      2.2705      1.10     0.18     1.4
458.sjeng          1.00      1172.9      2300.0   1.961      1.9610      1.40     0.24     1.8
462.libquantum     1.00       886.4      2300.0   2.595      2.5949      4.50     1.10     0.4
464.h264ref        1.00      1356.1      2300.0   1.696      1.6960      2.20     0.55     2.2
471.omnetpp        1.00      2284.0      2300.0   1.007      1.0070      7.20     2.60     6.5
473.astar          1.00      1446.5      2300.0   1.590      1.5900      4.10     0.95     3.3
483.xalancbmk      1.00      2066.5      2300.0   1.113      1.1130      6.50     2.10     7.2
Geomean            1.00                                      1.5812
