************************************************************************
Report : report_area -hierarchy
Design : rv_ooc_core
Version: T-2022.03-SP4
Library : n7_tt_0p80v_25c
Date   : 2026-06-22
************************************************************************
Hierarchical cell area (um^2)
---
Module                          Comb       Seq     Macro     Clock   Buf/Inv   Cells
core_top                  84369.1   52545.8   51013.0    8227.8    6287.0   161954
  u_ifu                     11127.6    8961.8   12502.6     696.7    1032.1    27456
    u_bp                        928.5    1702.2       0.0     154.7     309.5     2475
    u_dec                      9935.9    6864.8       0.0     542.0     722.6    14452
    u_l1i                       263.2     394.8   12502.6       0.0       0.0    10528
  u_ex                      48590.0   25534.7       0.0    1932.2    3053.9    63288
    gen_alu_0                  4322.4       0.0       0.0     196.5     392.9     3929
      u_alu                      4322.4       0.0       0.0     196.5     392.9     3929
    gen_alu_1                  4318.4       0.0       0.0     196.3     392.6     3925
      u_alu                      4318.4       0.0       0.0     196.3     392.6     3925
    u_rob                      6143.9   10532.4       0.0     351.1     526.6    14043
    u_lsq                      3467.1    4767.3       0.0     173.4     260.0     6934
    u_sched                    9883.2    5260.4       0.0     318.8     478.2    12752
    u_mul                      8471.3    2823.8       0.0     235.3     235.3     9412
    u_byp                     11983.7    2150.9       0.0     460.9     768.2    12291
  u_lsu                     11760.4    7989.5   13337.4     401.0     601.5    27271
    u_dtlb                     5422.2    3163.0       0.0     180.7     271.1     7229
    u_wb                       6057.4    4405.4       0.0     220.3     330.4     8810
    u_l1d                       280.8     421.2   13337.4       0.0       0.0    11231
  u_l2                       5859.8    2279.1   25172.9     240.0     400.0    27161
    u_adapt                    5600.3    1760.1       0.0     240.0     400.0     6400
    u_l2mem                     259.5     519.0   25172.9       0.0       0.0    20761
  u_csr                      6730.6    7179.3       0.0     448.7     598.3    11965
  u_clk                       300.6     601.2       0.0    4509.1     601.2     4809
Total                       84369.1   52545.8   51013.0    8227.8    6287.0   161954
die_total                  156334.2   89769.1   51013.0    8227.8   21176.4   261216
