************************************************************************
SPECint2006 result summary (instruction-accurate core model)
Method : performance-model (sparta-based, 250M inst SimPoint)
Version: v0.9.2
Date   : 2026-06-22
************************************************************************
Benchmark        Ref IPC   Cycles(M)   Insts(M)     IPC   Ratio@1GHz  L1D MPKI  L2 MPKI  BrMisp%
---
400.perlbench      1.00      1211.3      2300.0   1.899      1.8987      1.80     0.35     3.1
401.bzip2          1.00      1586.2      2300.0   1.450      1.4500      3.90     0.60     2.6
403.gcc            1.00      1487.1      2300.0   1.547      1.5467      2.60     0.42     5.8
429.mcf            1.00      3179.6      2300.0   0.723      0.7234      8.80     3.90     1.2
445.gobmk          1.00      1356.0      2300.0   1.696      1.6962      1.60     0.28     2.9
456.hmmer          1.00      1092.1      2300.0   2.106      2.1060      1.10     0.18     1.4
458.sjeng          1.00      1241.7      2300.0   1.852      1.8524      1.40     0.24     1.8
462.libquantum     1.00       961.3      2300.0   2.393      2.3927      4.50     1.10     0.4
464.h264ref        1.00      1439.9      2300.0   1.597      1.5973      2.20     0.55     2.2
471.omnetpp        1.00      2423.3      2300.0   0.949      0.9491      7.20     2.60     6.5
473.astar          1.00      1531.3      2300.0   1.502      1.5020      4.10     0.95     3.3
483.xalancbmk      1.00      2187.3      2300.0   1.052      1.0515      6.50     2.10     7.2
Geomean            1.00                                      1.4869
