************************************************************************
Report : report_area -hierarchy
Design : rv_ooc_core
Version: T-2022.03-SP4
Library : n7_tt_0p80v_25c
Date   : 2026-05-11
************************************************************************
Hierarchical cell area (um^2)
---
Module                          Comb       Seq     Macro     Clock   Buf/Inv   Cells
core_top                  72434.6   50452.4   51154.3    7755.3    5517.1   149851
  u_ifu                     11065.4    8916.5   12548.0     692.9    1026.8    27399
    u_bp                        925.7    1697.1       0.0     154.3     308.6     2468
    u_dec                      9875.6    6823.1       0.0     538.7     718.2    14364
    u_l1i                       264.2     396.3   12548.0       0.0       0.0    10566
  u_ex                      36750.5   23505.5       0.0    1476.7    2293.1    51220
    gen_alu_0                  4315.0       0.0       0.0     196.1     392.3     3922
      u_alu                      4315.0       0.0       0.0     196.1     392.3     3922
    gen_alu_1                  4316.6       0.0       0.0     196.2     392.4     3924
      u_alu                      4316.6       0.0       0.0     196.2     392.4     3924
    u_rob                      6174.8   10585.4       0.0     352.8     529.3    14113
    u_lsq                      3479.4    4784.1       0.0     174.0     261.0     6958
    u_sched                    9959.0    5300.7       0.0     321.3     481.9    12850
    u_mul                      8505.8    2835.3       0.0     236.3     236.3     9450
  u_lsu                     11749.0    7984.6   13363.9     400.6     601.0    27279
    u_dtlb                     5402.1    3151.2       0.0     180.1     270.1     7202
    u_wb                       6065.6    4411.4       0.0     220.6     330.9     8822
    u_l1d                       281.3     422.0   13363.9       0.0       0.0    11253
  u_l2                       5848.5    2276.8   25242.3     239.5     399.2    27205
    u_adapt                    5588.3    1756.3       0.0     239.5     399.2     6386
    u_l2mem                     260.2     520.5   25242.3       0.0       0.0    20818
  u_csr                      6721.3    7169.3       0.0     448.1     597.4    11948
  u_clk                       299.8     599.7       0.0    4497.5     599.7     4797
Total                       72434.6   50452.4   51154.3    7755.3    5517.1   149851
die_total                  139021.7   84894.0   51154.3    7755.3   19293.7   241695
