************************************************************************
SPECint2006 result summary (instruction-accurate core model)
Method : performance-model (sparta-based, 250M inst SimPoint)
Version: v0.9.2
Date   : 2026-05-11
************************************************************************
Benchmark        Ref IPC   Cycles(M)   Insts(M)     IPC   Ratio@1GHz  L1D MPKI  L2 MPKI  BrMisp%
---
400.perlbench      1.00      1212.0      2300.0   1.898      1.8977      1.80     0.35     3.1
401.bzip2          1.00      1589.5      2300.0   1.447      1.4470      3.90     0.60     2.6
403.gcc            1.00      1488.2      2300.0   1.546      1.5455      2.60     0.42     5.8
429.mcf            1.00      3186.3      2300.0   0.722      0.7218      8.80     3.90     1.2
445.gobmk          1.00      1354.2      2300.0   1.698      1.6984      1.60     0.28     2.9
456.hmmer          1.00      1095.1      2300.0   2.100      2.1003      1.10     0.18     1.4
458.sjeng          1.00      1245.4      2300.0   1.847      1.8469      1.40     0.24     1.8
462.libquantum     1.00       962.9      2300.0   2.389      2.3887      4.50     1.10     0.4
464.h264ref        1.00      1434.6      2300.0   1.603      1.6032      2.20     0.55     2.2
471.omnetpp        1.00      2432.4      2300.0   0.946      0.9456      7.20     2.60     6.5
473.astar          1.00      1529.3      2300.0   1.504      1.5040      4.10     0.95     3.3
483.xalancbmk      1.00      2187.5      2300.0   1.051      1.0514      6.50     2.10     7.2
Geomean            1.00                                      1.4856
