************************************************************************
SPECint2006 result summary (instruction-accurate core model)
Method : slice-based perf model (32-slice aggregation)
Version: v0.9.2
Date   : 2026-06-22
************************************************************************
Benchmark        Ref IPC   Cycles(M)   Insts(M)     IPC   Ratio@1GHz  L1D MPKI  L2 MPKI  BrMisp%
---
400.perlbench      1.00      1214.3      2300.0   1.894      1.8941      1.80     0.35     3.1
401.bzip2          1.00      1591.9      2300.0   1.445      1.4448      3.90     0.60     2.6
403.gcc            1.00      1473.8      2300.0   1.561      1.5606      2.60     0.42     5.8
429.mcf            1.00      3177.4      2300.0   0.724      0.7239      8.80     3.90     1.2
445.gobmk          1.00      1357.0      2300.0   1.695      1.6949      1.60     0.28     2.9
456.hmmer          1.00      1088.4      2300.0   2.113      2.1131      1.10     0.18     1.4
458.sjeng          1.00      1232.2      2300.0   1.867      1.8666      1.40     0.24     1.8
462.libquantum     1.00       965.1      2300.0   2.383      2.3833      4.50     1.10     0.4
464.h264ref        1.00      1434.5      2300.0   1.603      1.6033      2.20     0.55     2.2
471.omnetpp        1.00      2444.3      2300.0   0.941      0.9410      7.20     2.60     6.5
473.astar          1.00      1528.6      2300.0   1.505      1.5047      4.10     0.95     3.3
483.xalancbmk      1.00      2208.0      2300.0   1.042      1.0417      6.50     2.10     7.2
Geomean            1.00                                      1.4866
