************************************************************************
Report : report_area -hierarchy
Design : rv_ooc_core
Version: T-2022.03-SP4
Library : n7_tt_0p80v_25c
Date   : 2026-05-18
************************************************************************
Hierarchical cell area (um^2)
---
Module                          Comb       Seq     Macro     Clock   Buf/Inv   Cells
core_top                  72357.0   50452.1   51017.4    7759.5    5516.8   149682
  u_ifu                     11075.8    8925.3   12495.4     693.8    1028.2    27374
    u_bp                        927.9    1701.2       0.0     154.7     309.3     2474
    u_dec                      9884.8    6829.5       0.0     539.2     718.9    14377
    u_l1i                       263.1     394.6   12495.4       0.0       0.0    10522
  u_ex                      36707.1   23512.5       0.0    1475.7    2292.0    51189
    gen_alu_0                  4305.2       0.0       0.0     195.7     391.4     3913
      u_alu                      4305.2       0.0       0.0     195.7     391.4     3913
    gen_alu_1                  4315.4       0.0       0.0     196.2     392.3     3923
      u_alu                      4315.4       0.0       0.0     196.2     392.3     3923
    u_rob                      6198.6   10626.2       0.0     354.2     531.3    14168
    u_lsq                      3463.1    4761.8       0.0     173.2     259.7     6926
    u_sched                    9968.2    5305.7       0.0     321.6     482.3    12862
    u_mul                      8456.6    2818.9       0.0     234.9     234.9     9396
  u_lsu                     11677.6    7935.5   13296.7     398.2     597.3    27124
    u_dtlb                     5374.8    3135.3       0.0     179.2     268.7     7166
    u_wb                       6022.9    4380.3       0.0     219.0     328.5     8760
    u_l1d                       279.9     419.9   13296.7       0.0       0.0    11197
  u_l2                       5842.7    2274.7   25225.2     239.3     398.8    27184
    u_adapt                    5582.7    1754.6       0.0     239.3     398.8     6380
    u_l2mem                     260.1     520.1   25225.2       0.0       0.0    20804
  u_csr                      6753.6    7203.8       0.0     450.2     600.3    12006
  u_clk                       300.2     600.3       0.0    4502.4     600.3     4802
Total                       72357.0   50452.1   51017.4    7759.5    5516.8   149682
die_total                  138869.0   84854.8   51017.4    7759.5   19277.9   241422
