************************************************************************
SPECint2006 result summary (instruction-accurate core model)
Method : performance-model (sparta-based, 250M inst SimPoint)
Version: v0.9.2
Date   : 2026-05-18
************************************************************************
Benchmark        Ref IPC   Cycles(M)   Insts(M)     IPC   Ratio@1GHz  L1D MPKI  L2 MPKI  BrMisp%
---
400.perlbench      1.00      1213.0      2300.0   1.896      1.8962      1.80     0.35     3.1
401.bzip2          1.00      1581.3      2300.0   1.455      1.4545      3.90     0.60     2.6
403.gcc            1.00      1488.3      2300.0   1.545      1.5454      2.60     0.42     5.8
429.mcf            1.00      3208.0      2300.0   0.717      0.7170      8.80     3.90     1.2
445.gobmk          1.00      1352.8      2300.0   1.700      1.7002      1.60     0.28     2.9
456.hmmer          1.00      1091.8      2300.0   2.107      2.1066      1.10     0.18     1.4
458.sjeng          1.00      1248.2      2300.0   1.843      1.8426      1.40     0.24     1.8
462.libquantum     1.00       959.2      2300.0   2.398      2.3979      4.50     1.10     0.4
464.h264ref        1.00      1433.6      2300.0   1.604      1.6043      2.20     0.55     2.2
471.omnetpp        1.00      2422.2      2300.0   0.950      0.9495      7.20     2.60     6.5
473.astar          1.00      1532.2      2300.0   1.501      1.5011      4.10     0.95     3.3
483.xalancbmk      1.00      2190.2      2300.0   1.050      1.0501      6.50     2.10     7.2
Geomean            1.00                                      1.4862
