************************************************************************
SPECint2006 result summary (instruction-accurate core model)
Method : slice-based perf model (32-slice aggregation)
Version: v0.9.2
Date   : 2026-06-01
************************************************************************
Benchmark        Ref IPC   Cycles(M)   Insts(M)     IPC   Ratio@1GHz  L1D MPKI  L2 MPKI  BrMisp%
---
400.perlbench      1.00      1215.0      2300.0   1.893      1.8930      1.80     0.35     3.1
401.bzip2          1.00      1597.2      2300.0   1.440      1.4400      3.90     0.60     2.6
403.gcc            1.00      1475.4      2300.0   1.559      1.5589      2.60     0.42     5.8
429.mcf            1.00      3201.0      2300.0   0.719      0.7185      8.80     3.90     1.2
445.gobmk          1.00      1355.4      2300.0   1.697      1.6969      1.60     0.28     2.9
456.hmmer          1.00      1100.8      2300.0   2.089      2.0894      1.10     0.18     1.4
458.sjeng          1.00      1248.0      2300.0   1.843      1.8430      1.40     0.24     1.8
462.libquantum     1.00       956.8      2300.0   2.404      2.4039      4.50     1.10     0.4
464.h264ref        1.00      1448.1      2300.0   1.588      1.5883      2.20     0.55     2.2
471.omnetpp        1.00      2404.6      2300.0   0.957      0.9565      7.20     2.60     6.5
473.astar          1.00      1525.2      2300.0   1.508      1.5080      4.10     0.95     3.3
483.xalancbmk      1.00      2192.8      2300.0   1.049      1.0489      6.50     2.10     7.2
Geomean            1.00                                      1.4853
