************************************************************************
SPECint2006 result summary (instruction-accurate core model)
Method : slice-based perf model (32-slice aggregation)
Version: v0.9.2
Date   : 2026-05-25
************************************************************************
Benchmark        Ref IPC   Cycles(M)   Insts(M)     IPC   Ratio@1GHz  L1D MPKI  L2 MPKI  BrMisp%
---
400.perlbench      1.00      1208.1      2300.0   1.904      1.9038      1.80     0.35     3.1
401.bzip2          1.00      1576.2      2300.0   1.459      1.4592      3.90     0.60     2.6
403.gcc            1.00      1489.5      2300.0   1.544      1.5441      2.60     0.42     5.8
429.mcf            1.00      3194.9      2300.0   0.720      0.7199      8.80     3.90     1.2
445.gobmk          1.00      1364.5      2300.0   1.686      1.6857      1.60     0.28     2.9
456.hmmer          1.00      1102.1      2300.0   2.087      2.0869      1.10     0.18     1.4
458.sjeng          1.00      1237.0      2300.0   1.859      1.8593      1.40     0.24     1.8
462.libquantum     1.00       956.3      2300.0   2.405      2.4051      4.50     1.10     0.4
464.h264ref        1.00      1425.0      2300.0   1.614      1.6140      2.20     0.55     2.2
471.omnetpp        1.00      2433.4      2300.0   0.945      0.9452      7.20     2.60     6.5
473.astar          1.00      1527.5      2300.0   1.506      1.5057      4.10     0.95     3.3
483.xalancbmk      1.00      2173.1      2300.0   1.058      1.0584      6.50     2.10     7.2
Geomean            1.00                                      1.4883
