************************************************************************
Report : report_area -hierarchy
Design : rv_ooc_core
Version: T-2022.03-SP4
Library : n7_tt_0p80v_25c
Date   : 2026-07-06
************************************************************************
Hierarchical cell area (um^2)
---
Module                          Comb       Seq     Macro     Clock   Buf/Inv   Cells
core_top                  84491.9   52673.7   50930.0    8216.7    6293.1   162084
  u_ifu                     11067.1    8920.2   12538.1     693.3    1027.5    27396
    u_bp                        928.0    1701.4       0.0     154.7     309.3     2474
    u_dec                      9875.1    6822.8       0.0     538.6     718.2    14363
    u_l1i                       264.0     395.9   12538.1       0.0       0.0    10558
  u_ex                      48753.8   25683.2       0.0    1939.1    3063.8    63551
    gen_alu_0                  4297.2       0.0       0.0     195.3     390.7     3906
      u_alu                      4297.2       0.0       0.0     195.3     390.7     3906
    gen_alu_1                  4308.2       0.0       0.0     195.8     391.7     3916
      u_alu                      4308.2       0.0       0.0     195.8     391.7     3916
    u_rob                      6202.4   10632.8       0.0     354.4     531.6    14177
    u_lsq                      3475.2    4778.4       0.0     173.8     260.6     6950
    u_sched                    9914.6    5277.2       0.0     319.8     479.7    12793
    u_mul                      8484.5    2828.2       0.0     235.7     235.7     9427
    u_byp                     12071.7    2166.7       0.0     464.3     773.8    12381
  u_lsu                     11728.5    7967.8   13238.4     400.0     600.0    27147
    u_dtlb                     5400.9    3150.5       0.0     180.0     270.0     7201
    u_wb                       6048.9    4399.2       0.0     220.0     329.9     8798
    u_l1d                       278.7     418.1   13238.4       0.0       0.0    11148
  u_l2                       5873.9    2283.2   25153.5     240.6     401.0    27161
    u_adapt                    5614.6    1764.6       0.0     240.6     401.0     6416
    u_l2mem                     259.3     518.6   25153.5       0.0       0.0    20745
  u_csr                      6769.1    7220.3       0.0     451.3     601.7    12033
  u_clk                       299.5     599.0       0.0    4492.3     599.0     4791
Total                       84491.9   52673.7   50930.0    8216.7    6293.1   162084
die_total                  156514.8   89926.9   50930.0    8216.7   21194.4   261426
