************************************************************************
SPECint2006 result summary (instruction-accurate core model)
Method : performance-model (sparta-based, 250M inst SimPoint)
Version: v0.9.2
Date   : 2026-07-06
************************************************************************
Benchmark        Ref IPC   Cycles(M)   Insts(M)     IPC   Ratio@1GHz  L1D MPKI  L2 MPKI  BrMisp%
---
400.perlbench      1.00      1213.9      2300.0   1.895      1.8947      1.80     0.35     3.1
401.bzip2          1.00      1594.1      2300.0   1.443      1.4428      3.90     0.60     2.6
403.gcc            1.00      1479.8      2300.0   1.554      1.5542      2.60     0.42     5.8
429.mcf            1.00      3195.5      2300.0   0.720      0.7198      8.80     3.90     1.2
445.gobmk          1.00      1358.0      2300.0   1.694      1.6937      1.60     0.28     2.9
456.hmmer          1.00      1093.0      2300.0   2.104      2.1043      1.10     0.18     1.4
458.sjeng          1.00      1238.0      2300.0   1.858      1.8578      1.40     0.24     1.8
462.libquantum     1.00       961.1      2300.0   2.393      2.3931      4.50     1.10     0.4
464.h264ref        1.00      1440.1      2300.0   1.597      1.5971      2.20     0.55     2.2
471.omnetpp        1.00      2424.7      2300.0   0.949      0.9486      7.20     2.60     6.5
473.astar          1.00      1532.4      2300.0   1.501      1.5009      4.10     0.95     3.3
483.xalancbmk      1.00      2192.4      2300.0   1.049      1.0491      6.50     2.10     7.2
Geomean            1.00                                      1.4856
