************************************************************************
Report : report_power -analysis_mode vectorless -hierarchy
Design : rv_ooc_core
Version: P-2019.06-SP1
Supply : 0.80 V
Default toggle rate: 0.15
Clock gating efficiency: 78.0 %
************************************************************************
Power by category (mW)
---
Combinational      10.932
Register            6.786
Clock               7.321
Memory              6.032

Hierarchical power (mW)
---
Instance                          Internal  Switching   Leakage     Total
core_top                              16.383     14.529     6.786    37.698
  core_top.u_ifu                         2.856      2.533     1.183     6.571
    core_top.u_ifu.u_bp                    0.196      0.174     0.062     0.433
    core_top.u_ifu.u_dec                   1.366      1.211     0.566     3.143
    core_top.u_ifu.u_l1i                   1.111      0.986     0.899     2.996
  core_top.u_ex                          4.376      3.880     1.812    10.068
    core_top.u_ex.gen_alu[0]               0.372      0.330     0.154     0.855
      core_top.u_ex.gen_alu[0].u_alu         0.372      0.330     0.154     0.855
    core_top.u_ex.gen_alu[1]               0.372      0.330     0.154     0.855
      core_top.u_ex.gen_alu[1].u_alu         0.372      0.330     0.154     0.855
    core_top.u_ex.u_rob                    1.607      1.425     0.510     3.542
    core_top.u_ex.u_lsq                    0.791      0.701     0.251     1.743
    core_top.u_ex.u_sched                  1.335      1.184     0.553     3.073
  core_top.u_lsu                         2.898      2.570     1.200     6.669
    core_top.u_lsu.u_dtlb                  0.683      0.606     0.283     1.571
    core_top.u_lsu.u_wb                    0.835      0.740     0.346     1.920
    core_top.u_lsu.u_l1d                   1.179      1.045     0.953     3.177
  core_top.u_l2                          4.842      4.294     2.006    11.142
    core_top.u_l2.u_adapt                  0.425      0.377     0.176     0.978
    core_top.u_l2.u_l2mem                  3.771      3.344     3.049    10.165
  core_top.u_csr                         0.228      0.202     0.094     0.524
  core_top.u_clk                         1.184      1.050     0.490     2.724
Total                                 16.383     14.529     6.786    37.698
