************************************************************************
SPECint2006 result summary (instruction-accurate core model)
Method : performance-model (sparta-based, 250M inst SimPoint)
Version: v0.9.2
************************************************************************
Benchmark        Ref IPC   Cycles(M)   Insts(M)     IPC   Ratio@1GHz  L1D MPKI  L2 MPKI  BrMisp%
---
400.perlbench      1.00      1181.0      2300.0   1.947      1.9475      1.80     0.25     3.1
401.bzip2          1.00      1432.9      2300.0   1.605      1.6051      3.90     0.42     2.6
403.gcc            1.00      1447.7      2300.0   1.589      1.5887      2.60     0.30     5.8
429.mcf            1.00      2885.7      2300.0   0.797      0.7970      8.80     2.76     1.2
445.gobmk          1.00      1319.9      2300.0   1.742      1.7425      1.60     0.20     2.9
456.hmmer          1.00      1068.5      2300.0   2.152      2.1525      1.10     0.13     1.4
458.sjeng          1.00      1212.9      2300.0   1.896      1.8962      1.40     0.17     1.8
462.libquantum     1.00       935.0      2300.0   2.460      2.4600      4.50     0.78     0.4
464.h264ref        1.00      1298.6      2300.0   1.771      1.7712      2.20     0.39     2.2
471.omnetpp        1.00      2187.0      2300.0   1.052      1.0516      7.20     1.84     6.5
473.astar          1.00      1385.1      2300.0   1.660      1.6605      4.10     0.67     3.3
483.xalancbmk      1.00      1978.7      2300.0   1.162      1.1623      6.50     1.48     7.2
Geomean            1.00                                      1.5837
