************************************************************************
SPECint2006 result summary (instruction-accurate core model)
Method : gem5 full-system cycle model (SE mode, SimPoint)
Version: v0.9.2
Date   : 2026-06-15
************************************************************************
Benchmark        Ref IPC   Cycles(M)   Insts(M)     IPC   Ratio@1GHz  L1D MPKI  L2 MPKI  BrMisp%
---
400.perlbench      1.00      1185.1      2300.0   1.941      1.9408      1.80     0.35     3.1
401.bzip2          1.00      1550.3      2300.0   1.484      1.4836      3.90     0.60     2.6
403.gcc            1.00      1452.2      2300.0   1.584      1.5838      2.60     0.42     5.8
429.mcf            1.00      3119.6      2300.0   0.737      0.7373      8.80     3.90     1.2
445.gobmk          1.00      1329.8      2300.0   1.730      1.7296      1.60     0.28     2.9
456.hmmer          1.00      1071.5      2300.0   2.147      2.1465      1.10     0.18     1.4
458.sjeng          1.00      1214.4      2300.0   1.894      1.8940      1.40     0.24     1.8
462.libquantum     1.00       942.0      2300.0   2.442      2.4416      4.50     1.10     0.4
464.h264ref        1.00      1402.9      2300.0   1.639      1.6395      2.20     0.55     2.2
471.omnetpp        1.00      2370.0      2300.0   0.970      0.9705      7.20     2.60     6.5
473.astar          1.00      1508.0      2300.0   1.525      1.5252      4.10     0.95     3.3
483.xalancbmk      1.00      2154.0      2300.0   1.068      1.0678      6.50     2.10     7.2
Geomean            1.00                                      1.5179
