************************************************************************
Report : report_power -analysis_mode vectorless -hierarchy
Design : rv_ooc_core
Version: P-2019.06-SP1
Supply : 0.80 V
Default toggle rate: 0.15
Clock gating efficiency: 78.0 %
************************************************************************
Power by category (mW)
---
Combinational      12.664
Register            7.860
Clock               8.470
Memory              6.987

Hierarchical power (mW)
---
Instance                          Internal  Switching   Leakage     Total
core_top                              18.978     16.830     7.860    43.668
  core_top.u_ifu                         2.788      2.472     1.155     6.414
    core_top.u_ifu.u_bp                    0.192      0.170     0.061     0.423
    core_top.u_ifu.u_dec                   1.333      1.182     0.552     3.067
    core_top.u_ifu.u_l1i                   1.085      0.962     0.877     2.924
  core_top.u_ex                          9.258      8.210     3.835    21.303
    core_top.u_ex.gen_alu[0]               0.363      0.322     0.150     0.835
      core_top.u_ex.gen_alu[0].u_alu         0.363      0.322     0.150     0.835
    core_top.u_ex.gen_alu[1]               0.363      0.322     0.150     0.835
      core_top.u_ex.gen_alu[1].u_alu         0.363      0.322     0.150     0.835
    core_top.u_ex.u_rob                    5.153      4.570     1.636    11.359
    core_top.u_ex.u_lsq                    2.393      2.122     0.760     5.276
    core_top.u_ex.u_sched                  1.303      1.156     0.540     2.999
  core_top.u_lsu                         2.829      2.509     1.172     6.510
    core_top.u_lsu.u_dtlb                  0.667      0.591     0.276     1.534
    core_top.u_lsu.u_wb                    0.815      0.722     0.337     1.875
    core_top.u_lsu.u_l1d                   1.151      1.020     0.930     3.101
  core_top.u_l2                          2.725      2.417     1.129     6.271
    core_top.u_l2.u_adapt                  0.415      0.368     0.172     0.954
    core_top.u_l2.u_l2mem                  1.973      1.749     1.595     5.317
  core_top.u_csr                         0.222      0.197     0.092     0.511
  core_top.u_clk                         1.155      1.025     0.479     2.658
Total                                 18.978     16.830     7.860    43.668
