************************************************************************
Report : report_timing -summary -max_paths 200
Design : rv_ooc_core
Version: T-2022.03-SP4
Date   : 2026-08-31
************************************************************************
Clock clk  period 1.20 ns

Path Group      WNS (ns)    TNS (ns)   NVE    Fmax (MHz)
---
reg2reg            0.026        0.00      3        851.8
in2reg             0.106        0.00      0        914.1
reg2out            0.146        0.00      0        948.7
cg_hold            0.050        0.00      0          0.0
Total              0.026        0.00      3        851.8

Setup slack histogram (ns, endpoint count)
---
[ -0.22]      2
[ -0.17]      4
[ -0.12]      9
[ -0.07]     14
[ -0.02]     28
[  0.03]     41
[  0.08]     63
[  0.13]     95
[  0.18]    130
[  0.23]     88
[  0.28]     60
[  0.33]     37
[  0.43]     21
[  0.53]     12
[  0.63]      5

Top violating paths (setup, clock clk)
---
Path 1
  Startpoint: core_top/u_ex/u_rob/u_sched/issue_rdy_q_reg[7]
  Endpoint:   core_top/u_ex/gen_alu_0/u_alu/cmp_nxt_a
  Path Group: reg2reg
  Logic Depth: 34
  Slack: 0.026 ns
  Arrival: 1.174 ns   Required: 1.200 ns
Path 2
  Startpoint: core_top/u_ex/u_rob/u_sched/sel_grant_q_reg[3]
  Endpoint:   core_top/u_ex/gen_alu_1/u_alu/cmp_nxt_b
  Path Group: reg2reg
  Logic Depth: 31
  Slack: 0.038 ns
  Arrival: 1.162 ns   Required: 1.200 ns
Path 3
  Startpoint: core_top/u_ex/u_lsq/u_wakeup/cam_hit_q_reg[11]
  Endpoint:   core_top/u_ex/u_lsq/u_wakeup/load_wakeup_l
  Path Group: reg2reg
  Logic Depth: 29
  Slack: 0.047 ns
  Arrival: 1.153 ns   Required: 1.200 ns
Path 4
  Startpoint: core_top/u_ifu/u_bp/btb_hit_q_reg[5]
  Endpoint:   core_top/u_ifu/u_dec/u_rename/dest_map_q_reg[19]
  Path Group: reg2reg
  Logic Depth: 27
  Slack: 0.059 ns
  Arrival: 1.141 ns   Required: 1.200 ns
Path 5
  Startpoint: core_top/u_lsu/u_dtlb/pte_tag_q_reg[2]
  Endpoint:   core_top/u_lsu/u_wb/wb_arb_grant_l
  Path Group: reg2reg
  Logic Depth: 25
  Slack: 0.070 ns
  Arrival: 1.130 ns   Required: 1.200 ns
Path 6
  Startpoint: core_top/u_ifu/u_dec/u_scan/insn_buf_q_reg[8]
  Endpoint:   core_top/u_ifu/u_dec/u_scan/u_deco/illegal_insn
  Path Group: reg2reg
  Logic Depth: 22
  Slack: 0.084 ns
  Arrival: 1.116 ns   Required: 1.200 ns
Path 7
  Startpoint: core_top/u_l2/u_adapt/rsp_buf_q_reg[4]
  Endpoint:   core_top/u_l2/u_adapt/req_issue_l
  Path Group: reg2reg
  Logic Depth: 20
  Slack: 0.097 ns
  Arrival: 1.103 ns   Required: 1.200 ns
