************************************************************************
Report : report_area -hierarchy
Design : rv_ooc_core
Version: T-2022.03-SP4
Library : n7_tt_0p80v_25c
Date   : 2026-08-31
************************************************************************
Hierarchical cell area (um^2)
---
Module                          Comb       Seq     Macro     Clock   Buf/Inv   Cells
core_top                  85332.0   81853.0   51060.0    8694.6    7040.4   187184
  u_ifu                     11094.0    8941.0   12540.0     695.0    1030.0    27440
    u_bp                        930.0    1705.0       0.0     155.0     310.0     2480
    u_dec                      9900.0    6840.0       0.0     540.0     720.0    14400
    u_l1i                       264.0     396.0   12540.0       0.0       0.0    10560
  u_ex                      49598.0   54862.0       0.0    2409.6    3810.4    88544
    gen_alu_0                  4312.0       0.0       0.0     196.0     392.0     3920
      u_alu                      4312.0       0.0       0.0     196.0     392.0     3920
    gen_alu_1                  4312.0       0.0       0.0     196.0     392.0     3920
      u_alu                      4312.0       0.0       0.0     196.0     392.0     3920
    u_rob                     20286.0   34776.0       0.0    1159.2    1738.8    46368
    u_lsq                     10768.0   14806.0       0.0     538.4     807.6    21536
    u_sched                    9920.0    5280.0       0.0     320.0     480.0    12800
  u_lsu                     11730.0    7970.0   13300.0     400.0     600.0    27200
    u_dtlb                     5400.0    3150.0       0.0     180.0     270.0     7200
    u_wb                       6050.0    4400.0       0.0     220.0     330.0     8800
    u_l1d                       280.0     420.0   13300.0       0.0       0.0    11200
  u_l2                       5860.0    2280.0   25220.0     240.0     400.0    27200
    u_adapt                    5600.0    1760.0       0.0     240.0     400.0     6400
    u_l2mem                     260.0     520.0   25220.0       0.0       0.0    20800
  u_csr                      6750.0    7200.0       0.0     450.0     600.0    12000
  u_clk                       300.0     600.0       0.0    4500.0     600.0     4800
Total                       85332.0   81853.0   51060.0    8694.6    7040.4   187184
