************************************************************************
SPECint2006 result summary (instruction-accurate core model)
Method : performance-model (sparta-based, 250M inst SimPoint)
Version: v0.9.2
************************************************************************
Benchmark        Ref IPC   Cycles(M)   Insts(M)     IPC   Ratio@1GHz  L1D MPKI  L2 MPKI  BrMisp%
---
400.perlbench      1.00      1090.6      2300.0   2.109      2.1090      1.80     0.35     3.1
401.bzip2          1.00      1429.0      2300.0   1.610      1.6095      3.90     0.60     2.6
403.gcc            1.00      1336.8      2300.0   1.721      1.7205      2.60     0.42     5.8
429.mcf            1.00      2877.9      2300.0   0.799      0.7992      8.80     3.90     1.2
445.gobmk          1.00      1218.9      2300.0   1.887      1.8870      1.60     0.28     2.9
456.hmmer          1.00       986.7      2300.0   2.331      2.3310      1.10     0.18     1.4
458.sjeng          1.00      1120.0      2300.0   2.054      2.0535      1.40     0.24     1.8
462.libquantum     1.00       863.4      2300.0   2.664      2.6640      4.50     1.10     0.4
464.h264ref        1.00      1295.0      2300.0   1.776      1.7760      2.20     0.55     2.2
471.omnetpp        1.00      2181.1      2300.0   1.054      1.0545      7.20     2.60     6.5
473.astar          1.00      1381.4      2300.0   1.665      1.6650      4.10     0.95     3.3
483.xalancbmk      1.00      1973.4      2300.0   1.166      1.1655      6.50     2.10     7.2
Geomean            1.00                                      1.6503
