************************************************************************
Report : report_power -analysis_mode vectorless -hierarchy
Design : rv_ooc_core
Version: P-2019.06-SP1
Date   : 2026-06-15
Supply : 0.80 V
Default toggle rate: 0.15
Clock gating efficiency: 78.0 %
************************************************************************
Power by category (mW)
---
Combinational      11.410
Register            7.416
Clock               6.730
Memory              9.698

Hierarchical power (mW)
---
Instance                          Internal  Switching   Leakage     Total
core_top                              17.190     15.244     2.820    35.254
  core_top.u_ifu                         2.589      2.296     0.425     5.309
    core_top.u_ifu.u_bp                    0.174      0.154     0.022     0.351
    core_top.u_ifu.u_dec                   1.235      1.095     0.203     2.533
    core_top.u_ifu.u_l1i                   1.131      1.003     0.291     2.425
  core_top.u_ex                          5.962      5.287     0.978    12.226
    core_top.u_ex.gen_alu[0]               0.336      0.298     0.055     0.689
      core_top.u_ex.gen_alu[0].u_alu         0.336      0.298     0.055     0.689
    core_top.u_ex.gen_alu[1]               0.338      0.299     0.055     0.693
      core_top.u_ex.gen_alu[1].u_alu         0.338      0.299     0.055     0.693
    core_top.u_ex.u_rob                    1.417      1.257     0.183     2.857
    core_top.u_ex.u_lsq                    0.701      0.621     0.090     1.412
    core_top.u_ex.u_sched                  1.209      1.072     0.198     2.479
    core_top.u_ex.u_mul                    0.893      0.792     0.146     1.831
    core_top.u_ex.u_byp                    1.105      0.980     0.181     2.266
  core_top.u_lsu                         2.623      2.326     0.430     5.380
    core_top.u_lsu.u_dtlb                  0.618      0.548     0.101     1.267
    core_top.u_lsu.u_wb                    0.757      0.671     0.124     1.552
    core_top.u_lsu.u_l1d                   1.194      1.059     0.307     2.560
  core_top.u_l2                          2.528      2.242     0.415     5.185
    core_top.u_l2.u_adapt                  0.384      0.340     0.063     0.787
    core_top.u_l2.u_l2mem                  2.005      1.778     0.616     4.399
  core_top.u_csr                         0.207      0.183     0.034     0.424
  core_top.u_clk                         3.281      2.910     0.538     6.730
Total                                 17.190     15.244     2.820    35.254
