************************************************************************
Report : report_area -hierarchy
Design : rv_ooc_core
Version: T-2022.03-SP4
Library : n7_tt_0p80v_25c
Date   : 2026-06-15
************************************************************************
Hierarchical cell area (um^2)
---
Module                          Comb       Seq     Macro     Clock   Buf/Inv   Cells
core_top                  84420.4   52660.0   51109.8    8201.4    6287.6   162143
  u_ifu                     11088.5    8942.6   12583.7     695.1    1030.6    27472
    u_bp                        934.1    1712.6       0.0     155.7     311.4     2490
    u_dec                      9889.4    6832.7       0.0     539.4     719.2    14384
    u_l1i                       264.9     397.4   12583.7       0.0       0.0    10596
  u_ex                      48670.6   25637.3       0.0    1935.4    3057.8    63440
    gen_alu_0                  4305.2       0.0       0.0     195.7     391.4     3913
      u_alu                      4305.2       0.0       0.0     195.7     391.4     3913
    gen_alu_1                  4326.9       0.0       0.0     196.7     393.4     3933
      u_alu                      4326.9       0.0       0.0     196.7     393.4     3933
    u_rob                      6172.4   10581.3       0.0     352.7     529.1    14108
    u_lsq                      3487.6    4795.5       0.0     174.4     261.6     6975
    u_sched                    9919.6    5279.8       0.0     320.0     480.0    12799
    u_mul                      8506.5    2835.5       0.0     236.3     236.3     9451
    u_byp                     11952.4    2145.3       0.0     459.7     766.2    12258
  u_lsu                     11739.6    7976.9   13282.3     400.4     600.5    27199
    u_dtlb                     5398.6    3149.2       0.0     180.0     269.9     7198
    u_wb                       6061.3    4408.2       0.0     220.4     330.6     8816
    u_l1d                       279.6     419.4   13282.3       0.0       0.0    11185
  u_l2                       5844.7    2275.6   25243.8     239.3     398.9    27201
    u_adapt                    5584.4    1755.1       0.0     239.3     398.9     6382
    u_l2mem                     260.2     520.5   25243.8       0.0       0.0    20819
  u_csr                      6778.4    7230.3       0.0     451.9     602.5    12050
  u_clk                       298.6     597.2       0.0    4479.2     597.2     4777
Total                       84420.4   52660.0   51109.8    8201.4    6287.6   162143
die_total                  156469.5   89926.8   51109.8    8201.4   21194.3   261521
