************************************************************************
SPECint2006 result summary (instruction-accurate core model)
Method : performance-model (sparta-based, 250M inst SimPoint)
Version: v0.9.2
Date   : 2026-06-15
************************************************************************
Benchmark        Ref IPC   Cycles(M)   Insts(M)     IPC   Ratio@1GHz  L1D MPKI  L2 MPKI  BrMisp%
---
400.perlbench      1.00      1216.2      2300.0   1.891      1.8912      1.80     0.35     3.1
401.bzip2          1.00      1581.9      2300.0   1.454      1.4540      3.90     0.60     2.6
403.gcc            1.00      1481.7      2300.0   1.552      1.5523      2.60     0.42     5.8
429.mcf            1.00      3201.9      2300.0   0.718      0.7183      8.80     3.90     1.2
445.gobmk          1.00      1352.7      2300.0   1.700      1.7003      1.60     0.28     2.9
456.hmmer          1.00      1091.9      2300.0   2.106      2.1065      1.10     0.18     1.4
458.sjeng          1.00      1242.0      2300.0   1.852      1.8519      1.40     0.24     1.8
462.libquantum     1.00       958.8      2300.0   2.399      2.3988      4.50     1.10     0.4
464.h264ref        1.00      1437.9      2300.0   1.600      1.5996      2.20     0.55     2.2
471.omnetpp        1.00      2418.0      2300.0   0.951      0.9512      7.20     2.60     6.5
473.astar          1.00      1536.1      2300.0   1.497      1.4973      4.10     0.95     3.3
483.xalancbmk      1.00      2187.0      2300.0   1.052      1.0517      6.50     2.10     7.2
Geomean            1.00                                      1.4870
