************************************************************************
SPECint2006 result summary (instruction-accurate core model)
Method : slice-based perf model (32-slice aggregation)
Version: v0.9.2
Date   : 2026-05-18
************************************************************************
Benchmark        Ref IPC   Cycles(M)   Insts(M)     IPC   Ratio@1GHz  L1D MPKI  L2 MPKI  BrMisp%
---
400.perlbench      1.00      1218.4      2300.0   1.888      1.8878      1.80     0.35     3.1
401.bzip2          1.00      1596.4      2300.0   1.441      1.4407      3.90     0.60     2.6
403.gcc            1.00      1477.7      2300.0   1.557      1.5565      2.60     0.42     5.8
429.mcf            1.00      3181.8      2300.0   0.723      0.7229      8.80     3.90     1.2
445.gobmk          1.00      1362.8      2300.0   1.688      1.6877      1.60     0.28     2.9
456.hmmer          1.00      1091.9      2300.0   2.106      2.1063      1.10     0.18     1.4
458.sjeng          1.00      1249.7      2300.0   1.840      1.8404      1.40     0.24     1.8
462.libquantum     1.00       963.7      2300.0   2.387      2.3867      4.50     1.10     0.4
464.h264ref        1.00      1448.3      2300.0   1.588      1.5881      2.20     0.55     2.2
471.omnetpp        1.00      2441.3      2300.0   0.942      0.9421      7.20     2.60     6.5
473.astar          1.00      1522.0      2300.0   1.511      1.5112      4.10     0.95     3.3
483.xalancbmk      1.00      2212.5      2300.0   1.040      1.0396      6.50     2.10     7.2
Geomean            1.00                                      1.4821
