************************************************************************
SPECint2006 result summary (instruction-accurate core model)
Method : gem5 full-system cycle model (SE mode, SimPoint)
Version: v0.9.2
Date   : 2026-07-27
************************************************************************
Benchmark        Ref IPC   Cycles(M)   Insts(M)     IPC   Ratio@1GHz  L1D MPKI  L2 MPKI  BrMisp%
---
400.perlbench      1.00      1187.1      2300.0   1.938      1.9376      1.80     0.35     3.1
401.bzip2          1.00      1561.1      2300.0   1.473      1.4734      3.90     0.60     2.6
403.gcc            1.00      1452.3      2300.0   1.584      1.5837      2.60     0.42     5.8
429.mcf            1.00      3144.0      2300.0   0.732      0.7316      8.80     3.90     1.2
445.gobmk          1.00      1325.7      2300.0   1.735      1.7349      1.60     0.28     2.9
456.hmmer          1.00      1069.6      2300.0   2.150      2.1503      1.10     0.18     1.4
458.sjeng          1.00      1221.0      2300.0   1.884      1.8836      1.40     0.24     1.8
462.libquantum     1.00       942.1      2300.0   2.441      2.4415      4.50     1.10     0.4
464.h264ref        1.00      1407.6      2300.0   1.634      1.6340      2.20     0.55     2.2
471.omnetpp        1.00      2374.7      2300.0   0.969      0.9685      7.20     2.60     6.5
473.astar          1.00      1510.2      2300.0   1.523      1.5230      4.10     0.95     3.3
483.xalancbmk      1.00      2148.1      2300.0   1.071      1.0707      6.50     2.10     7.2
Geomean            1.00                                      1.5152
