************************************************************************
Report : report_area -hierarchy
Design : rv_ooc_core
Version: T-2022.03-SP4
Library : n7_tt_0p80v_25c
Date   : 2026-08-03
************************************************************************
Hierarchical cell area (um^2)
---
Module                          Comb       Seq     Macro     Clock   Buf/Inv   Cells
core_top                  85582.1   54677.5   51187.1    8431.2    6670.5   165238
  u_ifu                     12258.7   11032.0   12568.8     884.7    1408.0    30521
    u_bp                       2055.6    3768.5       0.0     342.6     685.2     5481
    u_dec                      9938.5    6866.6       0.0     542.1     722.8    14456
    u_l1i                       264.6     396.9   12568.8       0.0       0.0    10584
  u_ex                      48706.0   25625.1       0.0    1937.3    3061.9    63464
    gen_alu_0                  4327.8       0.0       0.0     196.7     393.4     3934
      u_alu                      4327.8       0.0       0.0     196.7     393.4     3934
    gen_alu_1                  4328.1       0.0       0.0     196.7     393.5     3934
      u_alu                      4328.1       0.0       0.0     196.7     393.5     3934
    u_rob                      6181.1   10596.1       0.0     353.2     529.8    14128
    u_lsq                      3470.9    4772.4       0.0     173.5     260.3     6941
    u_sched                    9910.0    5274.7       0.0     319.7     479.5    12787
    u_mul                      8479.2    2826.4       0.0     235.5     235.5     9421
    u_byp                     12009.0    2155.5       0.0     461.9     769.8    12316
  u_lsu                     11720.1    7965.7   13354.5     399.6     599.5    27231
    u_dtlb                     5386.1    3141.9       0.0     179.5     269.3     7181
    u_wb                       6052.9    4402.1       0.0     220.1     330.2     8804
    u_l1d                       281.1     421.7   13354.5       0.0       0.0    11245
  u_l2                       5878.5    2286.6   25263.9     240.8     401.3    27256
    u_adapt                    5618.1    1765.7       0.0     240.8     401.3     6420
    u_l2mem                     260.5     520.9   25263.9       0.0       0.0    20836
  u_csr                      6717.5    7165.3       0.0     447.8     597.1    11942
  u_clk                       301.4     602.8       0.0    4521.0     602.8     4822
Total                       85582.1   54677.5   51187.1    8431.2    6670.5   165238
die_total                  159006.8   92655.8   51187.1    8431.2   21861.8   266514
