************************************************************************
SPECint2006 result summary (instruction-accurate core model)
Method : performance-model (sparta-based, 250M inst SimPoint)
Version: v0.9.2
Date   : 2026-08-03
************************************************************************
Benchmark        Ref IPC   Cycles(M)   Insts(M)     IPC   Ratio@1GHz  L1D MPKI  L2 MPKI  BrMisp%
---
400.perlbench      1.00      1187.8      2300.0   1.936      1.9363      1.80     0.35     3.1
401.bzip2          1.00      1544.6      2300.0   1.489      1.4891      3.90     0.60     2.6
403.gcc            1.00      1386.3      2300.0   1.659      1.6590      2.60     0.42     5.8
429.mcf            1.00      3108.0      2300.0   0.740      0.7400      8.80     3.90     1.2
445.gobmk          1.00      1316.5      2300.0   1.747      1.7470      1.60     0.28     2.9
456.hmmer          1.00      1073.0      2300.0   2.143      2.1434      1.10     0.18     1.4
458.sjeng          1.00      1210.5      2300.0   1.900      1.9001      1.40     0.24     1.8
462.libquantum     1.00       939.8      2300.0   2.447      2.4474      4.50     1.10     0.4
464.h264ref        1.00      1398.1      2300.0   1.645      1.6450      2.20     0.55     2.2
471.omnetpp        1.00      2366.9      2300.0   0.972      0.9718      7.20     2.60     6.5
473.astar          1.00      1493.8      2300.0   1.540      1.5397      4.10     0.95     3.3
483.xalancbmk      1.00      2141.7      2300.0   1.074      1.0739      6.50     2.10     7.2
Geomean            1.00                                      1.5287
