************************************************************************
Report : report_timing -summary -max_paths 200
Design : rv_ooc_core
Version: T-2022.03-SP4
Date   : 2026-08-31
************************************************************************
Clock clk  period 1.20 ns

Path Group      WNS (ns)    TNS (ns)   NVE    Fmax (MHz)
---
reg2reg           -0.056        7.83     96        796.2
in2reg             0.024        0.00      0        850.4
reg2out            0.064        0.00      0        880.3
cg_hold            0.050        0.00      0          0.0
Total             -0.056        7.83     96        796.2

Setup slack histogram (ns, endpoint count)
---
[ -0.31]      2
[ -0.26]      4
[ -0.21]      9
[ -0.16]     14
[ -0.11]     28
[ -0.06]     41
[ -0.01]     63
[  0.04]     95
[  0.09]    130
[  0.14]     88
[  0.19]     60
[  0.24]     37
[  0.34]     21
[  0.44]     12
[  0.54]      5

Top violating paths (setup, clock clk)
---
Path 1
  Startpoint: core_top/u_ex/u_rob/u_sched/issue_rdy_q_reg[7]
  Endpoint:   core_top/u_ex/gen_alu_0/u_alu/cmp_nxt_a
  Path Group: reg2reg
  Logic Depth: 34
  Slack: -0.056 ns (VIOLATED)
  Arrival: 1.256 ns   Required: 1.200 ns
Path 2
  Startpoint: core_top/u_ex/u_rob/u_sched/sel_grant_q_reg[3]
  Endpoint:   core_top/u_ex/gen_alu_1/u_alu/cmp_nxt_b
  Path Group: reg2reg
  Logic Depth: 31
  Slack: -0.044 ns (VIOLATED)
  Arrival: 1.244 ns   Required: 1.200 ns
Path 3
  Startpoint: core_top/u_ex/u_lsq/u_wakeup/cam_hit_q_reg[11]
  Endpoint:   core_top/u_ex/u_lsq/u_wakeup/load_wakeup_l
  Path Group: reg2reg
  Logic Depth: 29
  Slack: -0.035 ns (VIOLATED)
  Arrival: 1.235 ns   Required: 1.200 ns
Path 4
  Startpoint: core_top/u_ifu/u_bp/btb_hit_q_reg[5]
  Endpoint:   core_top/u_ifu/u_dec/u_rename/dest_map_q_reg[19]
  Path Group: reg2reg
  Logic Depth: 27
  Slack: -0.023 ns (VIOLATED)
  Arrival: 1.223 ns   Required: 1.200 ns
Path 5
  Startpoint: core_top/u_lsu/u_dtlb/pte_tag_q_reg[2]
  Endpoint:   core_top/u_lsu/u_wb/wb_arb_grant_l
  Path Group: reg2reg
  Logic Depth: 25
  Slack: -0.012 ns (VIOLATED)
  Arrival: 1.212 ns   Required: 1.200 ns
Path 6
  Startpoint: core_top/u_ifu/u_dec/u_scan/insn_buf_q_reg[8]
  Endpoint:   core_top/u_ifu/u_dec/u_scan/u_deco/illegal_insn
  Path Group: reg2reg
  Logic Depth: 22
  Slack: 0.002 ns
  Arrival: 1.198 ns   Required: 1.200 ns
Path 7
  Startpoint: core_top/u_l2/u_adapt/rsp_buf_q_reg[4]
  Endpoint:   core_top/u_l2/u_adapt/req_issue_l
  Path Group: reg2reg
  Logic Depth: 20
  Slack: 0.015 ns
  Arrival: 1.185 ns   Required: 1.200 ns
