************************************************************************
SPECint2006 result summary (instruction-accurate core model)
Method : performance-model (sparta-based, 250M inst SimPoint)
Version: v0.9.2
************************************************************************
Benchmark        Ref IPC   Cycles(M)   Insts(M)     IPC   Ratio@1GHz  L1D MPKI  L2 MPKI  BrMisp%
---
400.perlbench      1.00      1113.5      2300.0   2.066      2.0656      1.80     0.35     3.1
401.bzip2          1.00      1459.0      2300.0   1.576      1.5764      3.90     0.60     2.6
403.gcc            1.00      1364.9      2300.0   1.685      1.6851      2.60     0.42     5.8
429.mcf            1.00      2938.3      2300.0   0.783      0.7828      8.80     3.90     1.2
445.gobmk          1.00      1244.5      2300.0   1.848      1.8482      1.60     0.28     2.9
456.hmmer          1.00      1007.4      2300.0   2.283      2.2831      1.10     0.18     1.4
458.sjeng          1.00      1143.6      2300.0   2.011      2.0113      1.40     0.24     1.8
462.libquantum     1.00       881.5      2300.0   2.609      2.6092      4.50     1.10     0.4
464.h264ref        1.00      1322.2      2300.0   1.739      1.7395      2.20     0.55     2.2
471.omnetpp        1.00      2226.9      2300.0   1.033      1.0328      7.20     2.60     6.5
473.astar          1.00      1410.4      2300.0   1.631      1.6308      4.10     0.95     3.3
483.xalancbmk      1.00      2014.8      2300.0   1.142      1.1415      6.50     2.10     7.2
Geomean            1.00                                      1.6164
