************************************************************************
Report : report_power -analysis_mode vectorless -hierarchy
Design : rv_ooc_core
Version: P-2019.06-SP1
Supply : 0.80 V
Default toggle rate: 0.15
Clock gating efficiency: 78.0 %
************************************************************************
Power by category (mW)
---
Combinational      10.720
Register            6.654
Clock               7.191
Memory              5.914

Hierarchical power (mW)
---
Instance                          Internal  Switching   Leakage     Total
core_top                              16.065     14.247     6.654    36.966
  core_top.u_ifu                         2.986      2.648     1.237     6.871
    core_top.u_ifu.u_bp                    0.205      0.182     0.065     0.453
    core_top.u_ifu.u_dec                   1.428      1.266     0.591     3.286
    core_top.u_ifu.u_l1i                   1.162      1.031     0.940     3.132
  core_top.u_ex                          5.654      5.014     2.342    13.009
    core_top.u_ex.gen_alu[0]               0.928      0.823     0.384     2.136
      core_top.u_ex.gen_alu[0].u_alu         0.928      0.823     0.384     2.136
    core_top.u_ex.gen_alu[1]               0.928      0.823     0.384     2.136
      core_top.u_ex.gen_alu[1].u_alu         0.928      0.823     0.384     2.136
    core_top.u_ex.u_rob                    1.680      1.490     0.533     3.703
    core_top.u_ex.u_lsq                    0.827      0.733     0.262     1.822
    core_top.u_ex.u_sched                  1.396      1.238     0.578     3.213
  core_top.u_lsu                         3.030      2.687     1.255     6.973
    core_top.u_lsu.u_dtlb                  0.714      0.633     0.296     1.643
    core_top.u_lsu.u_wb                    0.873      0.774     0.361     2.008
    core_top.u_lsu.u_l1d                   1.233      1.093     0.997     3.322
  core_top.u_l2                          2.919      2.589     1.209     6.717
    core_top.u_l2.u_adapt                  0.444      0.394     0.184     1.022
    core_top.u_l2.u_l2mem                  2.113      1.874     1.709     5.695
  core_top.u_csr                         0.238      0.211     0.099     0.548
  core_top.u_clk                         1.238      1.097     0.513     2.848
Total                                 16.065     14.247     6.654    36.966
