************************************************************************
SPECint2006 result summary (instruction-accurate core model)
Method : performance-model (sparta-based, 250M inst SimPoint)
Version: v0.9.2
************************************************************************
Benchmark        Ref IPC   Cycles(M)   Insts(M)     IPC   Ratio@1GHz  L1D MPKI  L2 MPKI  BrMisp%
---
400.perlbench      1.00      1169.5      2300.0   1.967      1.9667      1.80     0.35     3.1
401.bzip2          1.00      1532.4      2300.0   1.501      1.5009      3.90     0.60     2.6
403.gcc            1.00      1433.6      2300.0   1.604      1.6044      2.60     0.42     5.8
429.mcf            1.00      3086.1      2300.0   0.745      0.7453      8.80     3.90     1.2
445.gobmk          1.00      1307.1      2300.0   1.760      1.7597      1.60     0.28     2.9
456.hmmer          1.00      1045.9      2300.0   2.199      2.1991      1.10     0.18     1.4
458.sjeng          1.00      1201.1      2300.0   1.915      1.9149      1.40     0.24     1.8
462.libquantum     1.00       915.1      2300.0   2.513      2.5133      4.50     1.10     0.4
464.h264ref        1.00      1388.8      2300.0   1.656      1.6562      2.20     0.55     2.2
471.omnetpp        1.00      2339.0      2300.0   0.983      0.9833      7.20     2.60     6.5
473.astar          1.00      1481.3      2300.0   1.553      1.5526      4.10     0.95     3.3
483.xalancbmk      1.00      2116.2      2300.0   1.087      1.0869      6.50     2.10     7.2
Geomean            1.00                                      1.5420
