************************************************************************
SPECint2006 result summary (instruction-accurate core model)
Method : slice-based perf model (32-slice aggregation)
Version: v0.9.2
Date   : 2026-06-08
************************************************************************
Benchmark        Ref IPC   Cycles(M)   Insts(M)     IPC   Ratio@1GHz  L1D MPKI  L2 MPKI  BrMisp%
---
400.perlbench      1.00      1202.1      2300.0   1.913      1.9133      1.80     0.35     3.1
401.bzip2          1.00      1580.4      2300.0   1.455      1.4553      3.90     0.60     2.6
403.gcc            1.00      1481.2      2300.0   1.553      1.5528      2.60     0.42     5.8
429.mcf            1.00      3174.1      2300.0   0.725      0.7246      8.80     3.90     1.2
445.gobmk          1.00      1347.2      2300.0   1.707      1.7073      1.60     0.28     2.9
456.hmmer          1.00      1096.0      2300.0   2.098      2.0985      1.10     0.18     1.4
458.sjeng          1.00      1251.2      2300.0   1.838      1.8382      1.40     0.24     1.8
462.libquantum     1.00       963.1      2300.0   2.388      2.3882      4.50     1.10     0.4
464.h264ref        1.00      1432.8      2300.0   1.605      1.6052      2.20     0.55     2.2
471.omnetpp        1.00      2424.8      2300.0   0.949      0.9485      7.20     2.60     6.5
473.astar          1.00      1538.5      2300.0   1.495      1.4950      4.10     0.95     3.3
483.xalancbmk      1.00      2169.7      2300.0   1.060      1.0600      6.50     2.10     7.2
Geomean            1.00                                      1.4891
