************************************************************************
Report : report_power -analysis_mode vectorless -hierarchy
Design : rv_ooc_core
Version: P-2019.06-SP1
Date   : 2026-05-25
Supply : 0.80 V
Default toggle rate: 0.15
Clock gating efficiency: 78.0 %
************************************************************************
Power by category (mW)
---
Combinational      10.506
Register            6.829
Clock               6.750
Memory              8.930

Hierarchical power (mW)
---
Instance                          Internal  Switching   Leakage     Total
core_top                              16.098     14.275     2.641    33.014
  core_top.u_ifu                         2.585      2.292     0.424     5.301
    core_top.u_ifu.u_bp                    0.173      0.154     0.022     0.350
    core_top.u_ifu.u_dec                   1.241      1.101     0.204     2.546
    core_top.u_ifu.u_l1i                   1.122      0.995     0.289     2.406
  core_top.u_ex                          4.855      4.306     0.797     9.958
    core_top.u_ex.gen_alu[0]               0.337      0.299     0.055     0.690
      core_top.u_ex.gen_alu[0].u_alu         0.337      0.299     0.055     0.690
    core_top.u_ex.gen_alu[1]               0.337      0.299     0.055     0.691
      core_top.u_ex.gen_alu[1].u_alu         0.337      0.299     0.055     0.691
    core_top.u_ex.u_rob                    1.418      1.258     0.183     2.859
    core_top.u_ex.u_lsq                    0.701      0.621     0.090     1.412
    core_top.u_ex.u_sched                  1.209      1.072     0.198     2.480
    core_top.u_ex.u_mul                    0.890      0.789     0.146     1.825
  core_top.u_lsu                         2.624      2.327     0.431     5.382
    core_top.u_lsu.u_dtlb                  0.619      0.549     0.101     1.269
    core_top.u_lsu.u_wb                    0.754      0.669     0.124     1.547
    core_top.u_lsu.u_l1d                   1.197      1.061     0.308     2.566
  core_top.u_l2                          2.536      2.249     0.416     5.202
    core_top.u_l2.u_adapt                  0.383      0.340     0.063     0.786
    core_top.u_l2.u_l2mem                  2.013      1.785     0.618     4.415
  core_top.u_csr                         0.206      0.183     0.034     0.423
  core_top.u_clk                         3.291      2.919     0.540     6.750
Total                                 16.098     14.275     2.641    33.014
