************************************************************************
Report : report_area -hierarchy
Design : rv_ooc_core
Version: T-2022.03-SP4
Library : n7_tt_0p80v_25c
Date   : 2026-05-25
************************************************************************
Hierarchical cell area (um^2)
---
Module                          Comb       Seq     Macro     Clock   Buf/Inv   Cells
core_top                  72450.9   50506.3   51135.8    7754.1    5521.9   149895
  u_ifu                     11135.1    8969.2   12481.1     697.4    1033.2    27452
    u_bp                        930.6    1706.2       0.0     155.1     310.2     2481
    u_dec                      9941.7    6868.8       0.0     542.3     723.0    14460
    u_l1i                       262.8     394.1   12481.1       0.0       0.0    10510
  u_ex                      36698.7   23495.8       0.0    1475.3    2291.3    51168
    gen_alu_0                  4313.0       0.0       0.0     196.0     392.1     3920
      u_alu                      4313.0       0.0       0.0     196.0     392.1     3920
    gen_alu_1                  4315.3       0.0       0.0     196.2     392.3     3923
      u_alu                      4315.3       0.0       0.0     196.2     392.3     3923
    u_rob                      6178.3   10591.4       0.0     353.0     529.6    14121
    u_lsq                      3487.4    4795.1       0.0     174.4     261.6     6974
    u_sched                    9925.4    5282.8       0.0     320.2     480.3    12806
    u_mul                      8479.3    2826.4       0.0     235.5     235.5     9421
  u_lsu                     11724.3    7965.5   13315.4     399.8     599.7    27203
    u_dtlb                     5404.2    3152.4       0.0     180.1     270.2     7205
    u_wb                       6039.8    4392.6       0.0     219.6     329.4     8785
    u_l1d                       280.3     420.5   13315.4       0.0       0.0    11212
  u_l2                       5843.1    2276.8   25339.3     239.2     398.7    27277
    u_adapt                    5581.9    1754.3       0.0     239.2     398.7     6379
    u_l2mem                     261.2     522.5   25339.3       0.0       0.0    20898
  u_csr                      6750.1    7200.1       0.0     450.0     600.0    12000
  u_clk                       299.5     599.0       0.0    4492.4     599.0     4791
Total                       72450.9   50506.3   51135.8    7754.1    5521.9   149895
die_total                  139057.6   84958.1   51135.8    7754.1   19302.6   241766
