************************************************************************
SPECint2006 result summary (instruction-accurate core model)
Method : performance-model (sparta-based, 250M inst SimPoint)
Version: v0.9.2
Date   : 2026-05-25
************************************************************************
Benchmark        Ref IPC   Cycles(M)   Insts(M)     IPC   Ratio@1GHz  L1D MPKI  L2 MPKI  BrMisp%
---
400.perlbench      1.00      1209.0      2300.0   1.902      1.9023      1.80     0.35     3.1
401.bzip2          1.00      1588.8      2300.0   1.448      1.4476      3.90     0.60     2.6
403.gcc            1.00      1480.3      2300.0   1.554      1.5538      2.60     0.42     5.8
429.mcf            1.00      3201.2      2300.0   0.718      0.7185      8.80     3.90     1.2
445.gobmk          1.00      1350.6      2300.0   1.703      1.7030      1.60     0.28     2.9
456.hmmer          1.00      1091.8      2300.0   2.107      2.1067      1.10     0.18     1.4
458.sjeng          1.00      1248.3      2300.0   1.842      1.8425      1.40     0.24     1.8
462.libquantum     1.00       957.6      2300.0   2.402      2.4018      4.50     1.10     0.4
464.h264ref        1.00      1441.6      2300.0   1.595      1.5955      2.20     0.55     2.2
471.omnetpp        1.00      2410.5      2300.0   0.954      0.9542      7.20     2.60     6.5
473.astar          1.00      1538.2      2300.0   1.495      1.4953      4.10     0.95     3.3
483.xalancbmk      1.00      2185.6      2300.0   1.052      1.0524      6.50     2.10     7.2
Geomean            1.00                                      1.4871
