************************************************************************
SPECint2006 result summary (instruction-accurate core model)
Method : gem5 full-system cycle model (SE mode, SimPoint)
Version: v0.9.2
Date   : 2026-05-18
************************************************************************
Benchmark        Ref IPC   Cycles(M)   Insts(M)     IPC   Ratio@1GHz  L1D MPKI  L2 MPKI  BrMisp%
---
400.perlbench      1.00      1183.4      2300.0   1.944      1.9436      1.80     0.35     3.1
401.bzip2          1.00      1557.7      2300.0   1.477      1.4765      3.90     0.60     2.6
403.gcc            1.00      1455.9      2300.0   1.580      1.5797      2.60     0.42     5.8
429.mcf            1.00      3134.9      2300.0   0.734      0.7337      8.80     3.90     1.2
445.gobmk          1.00      1329.8      2300.0   1.730      1.7295      1.60     0.28     2.9
456.hmmer          1.00      1078.5      2300.0   2.133      2.1326      1.10     0.18     1.4
458.sjeng          1.00      1216.9      2300.0   1.890      1.8901      1.40     0.24     1.8
462.libquantum     1.00       935.2      2300.0   2.459      2.4594      4.50     1.10     0.4
464.h264ref        1.00      1410.5      2300.0   1.631      1.6306      2.20     0.55     2.2
471.omnetpp        1.00      2372.5      2300.0   0.969      0.9694      7.20     2.60     6.5
473.astar          1.00      1500.9      2300.0   1.532      1.5324      4.10     0.95     3.3
483.xalancbmk      1.00      2152.3      2300.0   1.069      1.0686      6.50     2.10     7.2
Geomean            1.00                                      1.5162
