************************************************************************
SPECint2006 result summary (instruction-accurate core model)
Method : slice-based perf model (32-slice aggregation)
Version: v0.9.2
Date   : 2026-08-03
************************************************************************
Benchmark        Ref IPC   Cycles(M)   Insts(M)     IPC   Ratio@1GHz  L1D MPKI  L2 MPKI  BrMisp%
---
400.perlbench      1.00      1177.7      2300.0   1.953      1.9529      1.80     0.35     3.1
401.bzip2          1.00      1535.2      2300.0   1.498      1.4981      3.90     0.60     2.6
403.gcc            1.00      1392.5      2300.0   1.652      1.6517      2.60     0.42     5.8
429.mcf            1.00      3135.1      2300.0   0.734      0.7336      8.80     3.90     1.2
445.gobmk          1.00      1328.9      2300.0   1.731      1.7308      1.60     0.28     2.9
456.hmmer          1.00      1077.7      2300.0   2.134      2.1341      1.10     0.18     1.4
458.sjeng          1.00      1226.1      2300.0   1.876      1.8758      1.40     0.24     1.8
462.libquantum     1.00       944.9      2300.0   2.434      2.4342      4.50     1.10     0.4
464.h264ref        1.00      1412.3      2300.0   1.629      1.6286      2.20     0.55     2.2
471.omnetpp        1.00      2345.4      2300.0   0.981      0.9806      7.20     2.60     6.5
473.astar          1.00      1492.2      2300.0   1.541      1.5413      4.10     0.95     3.3
483.xalancbmk      1.00      2126.0      2300.0   1.082      1.0819      6.50     2.10     7.2
Geomean            1.00                                      1.5258
