************************************************************************
SPECint2006 result summary (instruction-accurate core model)
Method : slice-based perf model (32-slice aggregation)
Version: v0.9.2
Date   : 2026-07-06
************************************************************************
Benchmark        Ref IPC   Cycles(M)   Insts(M)     IPC   Ratio@1GHz  L1D MPKI  L2 MPKI  BrMisp%
---
400.perlbench      1.00      1204.3      2300.0   1.910      1.9098      1.80     0.35     3.1
401.bzip2          1.00      1599.7      2300.0   1.438      1.4377      3.90     0.60     2.6
403.gcc            1.00      1484.4      2300.0   1.549      1.5494      2.60     0.42     5.8
429.mcf            1.00      3224.1      2300.0   0.713      0.7134      8.80     3.90     1.2
445.gobmk          1.00      1350.3      2300.0   1.703      1.7033      1.60     0.28     2.9
456.hmmer          1.00      1104.3      2300.0   2.083      2.0827      1.10     0.18     1.4
458.sjeng          1.00      1245.7      2300.0   1.846      1.8464      1.40     0.24     1.8
462.libquantum     1.00       958.7      2300.0   2.399      2.3990      4.50     1.10     0.4
464.h264ref        1.00      1447.2      2300.0   1.589      1.5892      2.20     0.55     2.2
471.omnetpp        1.00      2442.6      2300.0   0.942      0.9416      7.20     2.60     6.5
473.astar          1.00      1543.9      2300.0   1.490      1.4897      4.10     0.95     3.3
483.xalancbmk      1.00      2206.6      2300.0   1.042      1.0423      6.50     2.10     7.2
Geomean            1.00                                      1.4804
