************************************************************************
SPECint2006 result summary (instruction-accurate core model)
Method : slice-based perf model (32-slice aggregation)
Version: v0.9.2
Date   : 2026-07-27
************************************************************************
Benchmark        Ref IPC   Cycles(M)   Insts(M)     IPC   Ratio@1GHz  L1D MPKI  L2 MPKI  BrMisp%
---
400.perlbench      1.00      1218.2      2300.0   1.888      1.8880      1.80     0.35     3.1
401.bzip2          1.00      1598.7      2300.0   1.439      1.4387      3.90     0.60     2.6
403.gcc            1.00      1493.8      2300.0   1.540      1.5397      2.60     0.42     5.8
429.mcf            1.00      3178.2      2300.0   0.724      0.7237      8.80     3.90     1.2
445.gobmk          1.00      1340.3      2300.0   1.716      1.7160      1.60     0.28     2.9
456.hmmer          1.00      1089.5      2300.0   2.111      2.1110      1.10     0.18     1.4
458.sjeng          1.00      1242.4      2300.0   1.851      1.8513      1.40     0.24     1.8
462.libquantum     1.00       951.1      2300.0   2.418      2.4182      4.50     1.10     0.4
464.h264ref        1.00      1448.6      2300.0   1.588      1.5877      2.20     0.55     2.2
471.omnetpp        1.00      2433.8      2300.0   0.945      0.9450      7.20     2.60     6.5
473.astar          1.00      1531.6      2300.0   1.502      1.5017      4.10     0.95     3.3
483.xalancbmk      1.00      2186.0      2300.0   1.052      1.0521      6.50     2.10     7.2
Geomean            1.00                                      1.4864
