************************************************************************
SPECint2006 result summary (instruction-accurate core model)
Method : slice-based perf model (32-slice aggregation)
Version: v0.9.2
Date   : 2026-07-20
************************************************************************
Benchmark        Ref IPC   Cycles(M)   Insts(M)     IPC   Ratio@1GHz  L1D MPKI  L2 MPKI  BrMisp%
---
400.perlbench      1.00      1222.6      2300.0   1.881      1.8812      1.80     0.35     3.1
401.bzip2          1.00      1580.0      2300.0   1.456      1.4557      3.90     0.60     2.6
403.gcc            1.00      1481.0      2300.0   1.553      1.5530      2.60     0.42     5.8
429.mcf            1.00      3212.0      2300.0   0.716      0.7161      8.80     3.90     1.2
445.gobmk          1.00      1364.9      2300.0   1.685      1.6851      1.60     0.28     2.9
456.hmmer          1.00      1101.2      2300.0   2.089      2.0887      1.10     0.18     1.4
458.sjeng          1.00      1251.8      2300.0   1.837      1.8374      1.40     0.24     1.8
462.libquantum     1.00       952.0      2300.0   2.416      2.4160      4.50     1.10     0.4
464.h264ref        1.00      1448.4      2300.0   1.588      1.5880      2.20     0.55     2.2
471.omnetpp        1.00      2418.3      2300.0   0.951      0.9511      7.20     2.60     6.5
473.astar          1.00      1541.7      2300.0   1.492      1.4919      4.10     0.95     3.3
483.xalancbmk      1.00      2178.6      2300.0   1.056      1.0557      6.50     2.10     7.2
Geomean            1.00                                      1.4830
