************************************************************************
Report : report_area -hierarchy
Design : rv_ooc_core
Version: T-2022.03-SP4
Library : n7_tt_0p80v_25c
Date   : 2026-07-27
************************************************************************
Hierarchical cell area (um^2)
---
Module                          Comb       Seq     Macro     Clock   Buf/Inv   Cells
core_top                  84485.6   52637.9   51034.7    8216.2    6292.9   162133
  u_ifu                     11115.0    8954.3   12549.7     696.0    1031.2    27476
    u_bp                        928.8    1702.8       0.0     154.8     309.6     2476
    u_dec                      9922.0    6855.2       0.0     541.2     721.6    14432
    u_l1i                       264.2     396.3   12549.7       0.0       0.0    10568
  u_ex                      48668.3   25591.7       0.0    1935.3    3058.2    63402
    gen_alu_0                  4315.9       0.0       0.0     196.2     392.4     3923
      u_alu                      4315.9       0.0       0.0     196.2     392.4     3923
    gen_alu_1                  4317.4       0.0       0.0     196.2     392.5     3924
      u_alu                      4317.4       0.0       0.0     196.2     392.5     3924
    u_rob                      6171.0   10578.9       0.0     352.6     528.9    14105
    u_lsq                      3460.6    4758.3       0.0     173.0     259.5     6921
    u_sched                    9894.3    5266.3       0.0     319.2     478.8    12766
    u_mul                      8496.1    2832.0       0.0     236.0     236.0     9440
    u_byp                     12013.1    2156.2       0.0     462.0     770.1    12321
  u_lsu                     11743.9    7979.8   13361.9     400.4     600.6    27269
    u_dtlb                     5409.1    3155.3       0.0     180.3     270.5     7212
    u_wb                       6053.5    4402.6       0.0     220.1     330.2     8805
    u_l1d                       281.3     422.0   13361.9       0.0       0.0    11252
  u_l2                       5883.0    2285.6   25123.2     241.0     401.7    27147
    u_adapt                    5624.0    1767.6       0.0     241.0     401.7     6427
    u_l2mem                     259.0     518.0   25123.2       0.0       0.0    20720
  u_csr                      6775.9    7227.6       0.0     451.7     602.3    12045
  u_clk                       299.4     598.9       0.0    4491.7     598.9     4791
Total                       84485.6   52637.9   51034.7    8216.2    6292.9   162133
die_total                  156530.5   89902.5   51034.7    8216.2   21198.8   261506
