************************************************************************
SPECint2006 result summary (instruction-accurate core model)
Method : performance-model (sparta-based, 250M inst SimPoint)
Version: v0.9.2
Date   : 2026-07-27
************************************************************************
Benchmark        Ref IPC   Cycles(M)   Insts(M)     IPC   Ratio@1GHz  L1D MPKI  L2 MPKI  BrMisp%
---
400.perlbench      1.00      1216.0      2300.0   1.891      1.8914      1.80     0.35     3.1
401.bzip2          1.00      1580.6      2300.0   1.455      1.4551      3.90     0.60     2.6
403.gcc            1.00      1477.0      2300.0   1.557      1.5572      2.60     0.42     5.8
429.mcf            1.00      3195.2      2300.0   0.720      0.7198      8.80     3.90     1.2
445.gobmk          1.00      1353.2      2300.0   1.700      1.6997      1.60     0.28     2.9
456.hmmer          1.00      1090.6      2300.0   2.109      2.1089      1.10     0.18     1.4
458.sjeng          1.00      1239.6      2300.0   1.855      1.8555      1.40     0.24     1.8
462.libquantum     1.00       959.9      2300.0   2.396      2.3960      4.50     1.10     0.4
464.h264ref        1.00      1436.6      2300.0   1.601      1.6010      2.20     0.55     2.2
471.omnetpp        1.00      2427.9      2300.0   0.947      0.9473      7.20     2.60     6.5
473.astar          1.00      1535.8      2300.0   1.498      1.4976      4.10     0.95     3.3
483.xalancbmk      1.00      2198.1      2300.0   1.046      1.0464      6.50     2.10     7.2
Geomean            1.00                                      1.4870
